Component: ARM Compiler 5.06 update 5 (build 528) Tool: armlink [4d35e2]

==============================================================================

Section Cross References

    startup_stm32f10x_hd.o(RESET) refers to startup_stm32f10x_hd.o(STACK) for __initial_sp
    startup_stm32f10x_hd.o(RESET) refers to startup_stm32f10x_hd.o(.text) for Reset_Handler
    startup_stm32f10x_hd.o(RESET) refers to stm32f10x_it.o(.text) for NMI_Handler
    startup_stm32f10x_hd.o(.text) refers to system_stm32f10x.o(.text) for SystemInit
    startup_stm32f10x_hd.o(.text) refers to entry.o(.ARM.Collect$$$$00000000) for __main
    system_stm32f10x.o(.text) refers to system_stm32f10x.o(.data) for SystemCoreClock
    stm32f10x_adc.o(.text) refers to stm32f10x_rcc.o(.text) for RCC_APB2PeriphResetCmd
    stm32f10x_bkp.o(.text) refers to stm32f10x_rcc.o(.text) for RCC_BackupResetCmd
    stm32f10x_can.o(.text) refers to stm32f10x_rcc.o(.text) for RCC_APB1PeriphResetCmd
    stm32f10x_cec.o(.text) refers to stm32f10x_rcc.o(.text) for RCC_APB1PeriphResetCmd
    stm32f10x_dac.o(.text) refers to stm32f10x_rcc.o(.text) for RCC_APB1PeriphResetCmd
    stm32f10x_gpio.o(.text) refers to stm32f10x_rcc.o(.text) for RCC_APB2PeriphResetCmd
    stm32f10x_i2c.o(.text) refers to stm32f10x_rcc.o(.text) for RCC_APB1PeriphResetCmd
    stm32f10x_pwr.o(.text) refers to stm32f10x_rcc.o(.text) for RCC_APB1PeriphResetCmd
    stm32f10x_rcc.o(.text) refers to stm32f10x_rcc.o(.data) for APBAHBPrescTable
    stm32f10x_spi.o(.text) refers to stm32f10x_rcc.o(.text) for RCC_APB2PeriphResetCmd
    stm32f10x_tim.o(.text) refers to stm32f10x_rcc.o(.text) for RCC_APB2PeriphResetCmd
    stm32f10x_usart.o(.text) refers to stm32f10x_rcc.o(.text) for RCC_APB2PeriphResetCmd
    stm32f10x_wwdg.o(.text) refers to stm32f10x_rcc.o(.text) for RCC_APB1PeriphResetCmd
    main.o(.text) refers to stm32f10x_usart.o(.text) for USART_GetFlagStatus
    main.o(.text) refers to bsp_usart.o(.text) for USART_putchar
    main.o(.text) refers to printf2.o(i.__0printf$2) for __2printf
    main.o(.text) refers to sys_config.o(.text) for GPIO_PinReverse
    main.o(.text) refers to sx12xxeiger.o(.text) for BoardInit
    main.o(.text) refers to radio.o(.text) for RadioDriverInit
    main.o(.text) refers to main.o(.data) for Radio
    main.o(.text) refers to stm32f10x_it.o(.data) for USART_RX_STA
    main.o(.text) refers to stm32f10x_it.o(.bss) for USART_RX_BUF
    main.o(.text) refers to main.o(.bss) for Buffer
    stm32f10x_it.o(.text) refers to stm32f10x_usart.o(.text) for USART_GetITStatus
    stm32f10x_it.o(.text) refers to printf2.o(i.__0printf$2) for __2printf
    stm32f10x_it.o(.text) refers to sx12xxeiger.o(.data) for TickCounter
    stm32f10x_it.o(.text) refers to stm32f10x_it.o(.data) for USART_RX_STA
    stm32f10x_it.o(.text) refers to stm32f10x_it.o(.bss) for USART_RX_BUF
    sys_config.o(.text) refers to stm32f10x_rcc.o(.text) for RCC_APB2PeriphClockCmd
    sys_config.o(.text) refers to stm32f10x_gpio.o(.text) for GPIO_Init
    sys_config.o(.text) refers to misc.o(.text) for NVIC_PriorityGroupConfig
    sys_config.o(.text) refers to stm32f10x_flash.o(.text) for FLASH_PrefetchBufferCmd
    sys_config.o(.text) refers to bsp_usart.o(.text) for USART1_Config
    bsp_systick.o(.text) refers to system_stm32f10x.o(.data) for SystemCoreClock
    bsp_systick.o(.text) refers to bsp_systick.o(.data) for SYSTICK_Delay_Flag
    bsp_usart.o(.text) refers to stm32f10x_rcc.o(.text) for RCC_APB2PeriphClockCmd
    bsp_usart.o(.text) refers to stm32f10x_gpio.o(.text) for GPIO_Init
    bsp_usart.o(.text) refers to misc.o(.text) for NVIC_Init
    bsp_usart.o(.text) refers to stm32f10x_usart.o(.text) for USART_Init
    bsp_usart.o(.text) refers to printf2.o(i.__0printf$2) for __2printf
    radio.o(.text) refers to sx1276.o(.text) for SX1276Init
    radio.o(.text) refers to radio.o(.bss) for RadioDriver
    sx1276.o(.text) refers to sx1276-lora.o(.text) for SX1276LoRaSetOpMode
    sx1276.o(.text) refers to sx1276-hal.o(.text) for SX1276Write
    sx1276.o(.text) refers to printf2.o(i.__0printf$2) for __2printf
    sx1276.o(.text) refers to sys_config.o(.text) for Soft_delay_ms
    sx1276.o(.text) refers to sx1276-fsk.o(.text) for SX1276FskSetOpMode
    sx1276.o(.text) refers to sx1276.o(.data) for LoRaOnState
    sx1276.o(.text) refers to sx1276-lora.o(.data) for SX1276LR
    sx1276.o(.text) refers to sx1276.o(.bss) for SX1276Regs
    sx1276.o(.text) refers to sx12xxeiger.o(.data) for TickCounter
    sx1276.o(.text) refers to sx1276-fsk.o(.data) for SX1276
    sx1276-fsk.o(.text) refers to sx1276-hal.o(.text) for SX1276WriteRxTx
    sx1276-fsk.o(.text) refers to sx1276-fskmisc.o(.text) for SX1276FskGetPacketCrcOn
    sx1276-fsk.o(.text) refers to dflti.o(.text) for __aeabi_i2d
    sx1276-fsk.o(.text) refers to dfixi.o(.text) for __aeabi_d2iz
    sx1276-fsk.o(.text) refers to dmul.o(.text) for __aeabi_dmul
    sx1276-fsk.o(.text) refers to dfltui.o(.text) for __aeabi_ui2d
[...]
    entry2.o(.ARM.Collect$$$$00000001) refers to entry2.o(.ARM.Collect$$$$00002712) for __lit__00000000
    entry2.o(.ARM.Collect$$$$00002712) refers to startup_stm32f10x_hd.o(STACK) for __initial_sp
    entry2.o(__vectab_stack_and_reset_area) refers to startup_stm32f10x_hd.o(STACK) for __initial_sp
    entry2.o(__vectab_stack_and_reset_area) refers to entry.o(.ARM.Collect$$$$00000000) for __main
    entry5.o(.ARM.Collect$$$$00000004) refers to init.o(.text) for __scatterload
    entry9a.o(.ARM.Collect$$$$0000000B) refers to main.o(.text) for main
    entry9b.o(.ARM.Collect$$$$0000000C) refers to main.o(.text) for main
    uldiv.o(.text) refers to llushr.o(.text) for __aeabi_llsr
    uldiv.o(.text) refers to llshl.o(.text) for __aeabi_llsl
    errno.o(i.__aeabi_errno_addr) refers to errno.o(.data) for .data
    errno.o(i.__read_errno) refers to errno.o(.data) for .data
    errno.o(i.__set_errno) refers to errno.o(.data) for .data
    depilogue.o(.text) refers to llshl.o(.text) for __aeabi_llsl
    depilogue.o(.text) refers to llushr.o(.text) for __aeabi_llsr
    drnd.o(.text) refers to llshl.o(.text) for __aeabi_llsl
    drnd.o(.text) refers to llushr.o(.text) for __aeabi_llsr
    drnd.o(.text) refers to depilogue.o(.text) for _double_round
    dfixul.o(.text) refers to llushr.o(.text) for __aeabi_llsr
    dfixul.o(.text) refers to llshl.o(.text) for __aeabi_llsl
    init.o(.text) refers to entry5.o(.ARM.Collect$$$$00000004) for __main_after_scatterload
    dsqrt.o(.text) refers to llushr.o(.text) for __aeabi_llsr
    dsqrt.o(.text) refers to depilogue.o(.text) for _double_round


==============================================================================

Removing Unused input sections from the image.

    Removing startup_stm32f10x_hd.o(HEAP), (512 bytes).
    Removing core_cm3.o(.emb_text), (32 bytes).
    Removing stm32f10x_adc.o(.text), (1102 bytes).
    Removing stm32f10x_bkp.o(.text), (196 bytes).
    Removing stm32f10x_can.o(.text), (2544 bytes).
    Removing stm32f10x_cec.o(.text), (288 bytes).
    Removing stm32f10x_crc.o(.text), (72 bytes).
    Removing stm32f10x_dac.o(.text), (396 bytes).
    Removing stm32f10x_dbgmcu.o(.text), (48 bytes).
    Removing stm32f10x_dma.o(.text), (596 bytes).
    Removing stm32f10x_exti.o(.text), (284 bytes).
    Removing stm32f10x_fsmc.o(.text), (1548 bytes).
    Removing stm32f10x_i2c.o(.text), (1028 bytes).
    Removing stm32f10x_iwdg.o(.text), (64 bytes).
    Removing stm32f10x_pwr.o(.text), (204 bytes).
    Removing stm32f10x_rtc.o(.text), (328 bytes).
    Removing stm32f10x_sdio.o(.text), (468 bytes).
    Removing stm32f10x_tim.o(.text), (3610 bytes).
    Removing stm32f10x_wwdg.o(.text), (136 bytes).
    Removing bsp_systick.o(.text), (228 bytes).
    Removing bsp_systick.o(.data), (5 bytes).
    Removing fifo.o(.text), (142 bytes).
    Removing dfixul.o(.text), (48 bytes).

23 unused section(s) (total 13879 bytes) removed from the image.

==============================================================================

Image Symbol Table

    Local Symbols

    Symbol Name                              Value     Ov Type        Size  Object(Section)

    ../clib/microlib/division.c              0x00000000   Number         0  uidiv.o ABSOLUTE
    ../clib/microlib/division.c              0x00000000   Number         0  uldiv.o ABSOLUTE
    ../clib/microlib/errno.c                 0x00000000   Number         0  errno.o ABSOLUTE
    ../clib/microlib/init/entry.s            0x00000000   Number         0  entry10a.o ABSOLUTE
    ../clib/microlib/init/entry.s            0x00000000   Number         0  entry11a.o ABSOLUTE
    ../clib/microlib/init/entry.s            0x00000000   Number         0  entry9b.o ABSOLUTE
    ../clib/microlib/init/entry.s            0x00000000   Number         0  entry9a.o ABSOLUTE
    ../clib/microlib/init/entry.s            0x00000000   Number         0  entry8b.o ABSOLUTE
    ../clib/microlib/init/entry.s            0x00000000   Number         0  entry8a.o ABSOLUTE
    ../clib/microlib/init/entry.s            0x00000000   Number         0  entry7b.o ABSOLUTE
    ../clib/microlib/init/entry.s            0x00000000   Number         0  entry7a.o ABSOLUTE
    ../clib/microlib/init/entry.s            0x00000000   Number         0  entry5.o ABSOLUTE
    ../clib/microlib/init/entry.s            0x00000000   Number         0  entry2.o ABSOLUTE
    ../clib/microlib/init/entry.s            0x00000000   Number         0  entry10b.o ABSOLUTE
    ../clib/microlib/init/entry.s            0x00000000   Number         0  entry.o ABSOLUTE
    ../clib/microlib/init/entry.s            0x00000000   Number         0  entry11b.o ABSOLUTE
    ../clib/microlib/longlong.c              0x00000000   Number         0  llshl.o ABSOLUTE
    ../clib/microlib/longlong.c              0x00000000   Number         0  llsshr.o ABSOLUTE
    ../clib/microlib/longlong.c              0x00000000   Number         0  llushr.o ABSOLUTE
    ../clib/microlib/printf/printf.c         0x00000000   Number         0  printf6.o ABSOLUTE
    ../clib/microlib/printf/printf.c         0x00000000   Number         0  printf1.o ABSOLUTE
    ../clib/microlib/printf/printf.c         0x00000000   Number         0  printf4.o ABSOLUTE
    ../clib/microlib/printf/printf.c         0x00000000   Number         0  printf5.o ABSOLUTE
    ../clib/microlib/printf/printf.c         0x00000000   Number         0  printfb.o ABSOLUTE
    ../clib/microlib/printf/printf.c         0x00000000   Number         0  printf0.o ABSOLUTE
    ../clib/microlib/printf/printf.c         0x00000000   Number         0  printfa.o ABSOLUTE
    ../clib/microlib/printf/printf.c         0x00000000   Number         0  printf8.o ABSOLUTE
    ../clib/microlib/printf/printf.c         0x00000000   Number         0  printf7.o ABSOLUTE
    ../clib/microlib/printf/printf.c         0x00000000   Number         0  printf2.o ABSOLUTE
    ../clib/microlib/printf/printf.c         0x00000000   Number         0  printf3.o ABSOLUTE
    ../clib/microlib/printf/stubs.s          0x00000000   Number         0  stubs.o ABSOLUTE
    ../clib/microlib/stdio/streams.c         0x00000000   Number         0  stdout.o ABSOLUTE
    ../clib/microlib/string/memcpy.c         0x00000000   Number         0  memcpya.o ABSOLUTE
    ../clib/microlib/string/memcpy.c         0x00000000   Number         0  memcpyb.o ABSOLUTE
    ../clib/microlib/string/memset.c         0x00000000   Number         0  memseta.o ABSOLUTE
    ../clib/microlib/stubs.s                 0x00000000   Number         0  iusefp.o ABSOLUTE
    ../fplib/microlib/fpadd.c                0x00000000   Number         0  dadd.o ABSOLUTE
    ../fplib/microlib/fpdiv.c                0x00000000   Number         0  ddiv.o ABSOLUTE
    ../fplib/microlib/fpepilogue.c           0x00000000   Number         0  depilogue.o ABSOLUTE
    ../fplib/microlib/fpfix.c                0x00000000   Number         0  dfixi.o ABSOLUTE
    ../fplib/microlib/fpfix.c                0x00000000   Number         0  dfixul.o ABSOLUTE
    ../fplib/microlib/fpfix.c                0x00000000   Number         0  dfixui.o ABSOLUTE
    ../fplib/microlib/fpflt.c                0x00000000   Number         0  dfltui.o ABSOLUTE
    ../fplib/microlib/fpflt.c                0x00000000   Number         0  dflti.o ABSOLUTE
    ../fplib/microlib/fpmul.c                0x00000000   Number         0  dmul.o ABSOLUTE
    ../fplib/microlib/fprnd.c                0x00000000   Number         0  drnd.o ABSOLUTE
    ../fplib/microlib/fpscalb.c              0x00000000   Number         0  dscalb.o ABSOLUTE
    ../fplib/microlib/fpsqrt.c               0x00000000   Number         0  dsqrt.o ABSOLUTE
    ../mathlib/dunder.c                      0x00000000   Number         0  dunder.o ABSOLUTE
    ../mathlib/fpclassify.c                  0x00000000   Number         0  fpclassify.o ABSOLUTE
    ../mathlib/poly.c                        0x00000000   Number         0  poly.o ABSOLUTE
    ../mathlib/pow.c                         0x00000000   Number         0  pow_x.o ABSOLUTE
    ../mathlib/pow.c                         0x00000000   Number         0  pow.o ABSOLUTE
    ../mathlib/qnan.c                        0x00000000   Number         0  qnan.o ABSOLUTE
    ../mathlib/round.c                       0x00000000   Number         0  round.o ABSOLUTE
    ../mathlib/sqrt.c                        0x00000000   Number         0  sqrt_x.o ABSOLUTE
    ../mathlib/sqrt.c                        0x00000000   Number         0  sqrt.o ABSOLUTE
    ..\..\Libraries\CMSIS\core_cm3.c         0x00000000   Number         0  core_cm3.o ABSOLUTE
    ..\..\Libraries\CMSIS\startup\startup_stm32f10x_hd.s 0x00000000   Number         0  startup_stm32f10x_hd.o ABSOLUTE
    ..\..\Libraries\CMSIS\system_stm32f10x.c 0x00000000   Number         0  system_stm32f10x.o ABSOLUTE
    ..\..\Libraries\FWlib\src\misc.c         0x00000000   Number         0  misc.o ABSOLUTE
    ..\..\Libraries\FWlib\src\stm32f10x_adc.c 0x00000000   Number         0  stm32f10x_adc.o ABSOLUTE
    ..\..\Libraries\FWlib\src\stm32f10x_bkp.c 0x00000000   Number         0  stm32f10x_bkp.o ABSOLUTE
    ..\..\Libraries\FWlib\src\stm32f10x_can.c 0x00000000   Number         0  stm32f10x_can.o ABSOLUTE
    ..\..\Libraries\FWlib\src\stm32f10x_cec.c 0x00000000   Number         0  stm32f10x_cec.o ABSOLUTE
    ..\..\Libraries\FWlib\src\stm32f10x_crc.c 0x00000000   Number         0  stm32f10x_crc.o ABSOLUTE
    ..\..\Libraries\FWlib\src\stm32f10x_dac.c 0x00000000   Number         0  stm32f10x_dac.o ABSOLUTE
    ..\..\Libraries\FWlib\src\stm32f10x_dbgmcu.c 0x00000000   Number         0  stm32f10x_dbgmcu.o ABSOLUTE
    ..\..\Libraries\FWlib\src\stm32f10x_dma.c 0x00000000   Number         0  stm32f10x_dma.o ABSOLUTE
    ..\..\Libraries\FWlib\src\stm32f10x_exti.c 0x00000000   Number         0  stm32f10x_exti.o ABSOLUTE
    ..\..\Libraries\FWlib\src\stm32f10x_flash.c 0x00000000   Number         0  stm32f10x_flash.o ABSOLUTE
    ..\..\Libraries\FWlib\src\stm32f10x_fsmc.c 0x00000000   Number         0  stm32f10x_fsmc.o ABSOLUTE
    ..\..\Libraries\FWlib\src\stm32f10x_gpio.c 0x00000000   Number         0  stm32f10x_gpio.o ABSOLUTE
    ..\..\Libraries\FWlib\src\stm32f10x_i2c.c 0x00000000   Number         0  stm32f10x_i2c.o ABSOLUTE
    ..\..\Libraries\FWlib\src\stm32f10x_iwdg.c 0x00000000   Number         0  stm32f10x_iwdg.o ABSOLUTE
    ..\..\Libraries\FWlib\src\stm32f10x_pwr.c 0x00000000   Number         0  stm32f10x_pwr.o ABSOLUTE
    ..\..\Libraries\FWlib\src\stm32f10x_rcc.c 0x00000000   Number         0  stm32f10x_rcc.o ABSOLUTE
    ..\..\Libraries\FWlib\src\stm32f10x_rtc.c 0x00000000   Number         0  stm32f10x_rtc.o ABSOLUTE
    ..\..\Libraries\FWlib\src\stm32f10x_sdio.c 0x00000000   Number         0  stm32f10x_sdio.o ABSOLUTE
    ..\..\Libraries\FWlib\src\stm32f10x_spi.c 0x00000000   Number         0  stm32f10x_spi.o ABSOLUTE
    ..\..\Libraries\FWlib\src\stm32f10x_tim.c 0x00000000   Number         0  stm32f10x_tim.o ABSOLUTE
    ..\..\Libraries\FWlib\src\stm32f10x_usart.c 0x00000000   Number         0  stm32f10x_usart.o ABSOLUTE
    ..\..\Libraries\FWlib\src\stm32f10x_wwdg.c 0x00000000   Number         0  stm32f10x_wwdg.o ABSOLUTE
    ..\..\User\SX1278\platform\sx12xxEiger\fifo.c 0x00000000   Number         0  fifo.o ABSOLUTE
    ..\..\User\SX1278\platform\sx12xxEiger\spi.c 0x00000000   Number         0  spi.o ABSOLUTE
    ..\..\User\SX1278\platform\sx12xxEiger\sx1232-Hal.c 0x00000000   Number         0  sx1232-hal.o ABSOLUTE
    ..\..\User\SX1278\platform\sx12xxEiger\sx1272-Hal.c 0x00000000   Number         0  sx1272-hal.o ABSOLUTE
    ..\..\User\SX1278\platform\sx12xxEiger\sx1276-Hal.c 0x00000000   Number         0  sx1276-hal.o ABSOLUTE
    ..\..\User\SX1278\platform\sx12xxEiger\sx12xxEiger.c 0x00000000   Number         0  sx12xxeiger.o ABSOLUTE
    ..\..\User\SX1278\radio\radio.c          0x00000000   Number         0  radio.o ABSOLUTE
    ..\..\User\SX1278\radio\sx1232-Misc.c    0x00000000   Number         0  sx1232-misc.o ABSOLUTE
    ..\..\User\SX1278\radio\sx1232.c         0x00000000   Number         0  sx1232.o ABSOLUTE
    ..\..\User\SX1278\radio\sx1272-Fsk.c     0x00000000   Number         0  sx1272-fsk.o ABSOLUTE
    ..\..\User\SX1278\radio\sx1272-FskMisc.c 0x00000000   Number         0  sx1272-fskmisc.o ABSOLUTE
    ..\..\User\SX1278\radio\sx1272-LoRa.c    0x00000000   Number         0  sx1272-lora.o ABSOLUTE
    ..\..\User\SX1278\radio\sx1272-LoRaMisc.c 0x00000000   Number         0  sx1272-loramisc.o ABSOLUTE
    ..\..\User\SX1278\radio\sx1272.c         0x00000000   Number         0  sx1272.o ABSOLUTE
    ..\..\User\SX1278\radio\sx1276-Fsk.c     0x00000000   Number         0  sx1276-fsk.o ABSOLUTE
    ..\..\User\SX1278\radio\sx1276-FskMisc.c 0x00000000   Number         0  sx1276-fskmisc.o ABSOLUTE
    ..\..\User\SX1278\radio\sx1276-LoRa.c    0x00000000   Number         0  sx1276-lora.o ABSOLUTE
    ..\..\User\SX1278\radio\sx1276-LoRaMisc.c 0x00000000   Number         0  sx1276-loramisc.o ABSOLUTE
    ..\..\User\SX1278\radio\sx1276.c         0x00000000   Number         0  sx1276.o ABSOLUTE
    ..\..\User\SysTick\bsp_SysTick.c         0x00000000   Number         0  bsp_systick.o ABSOLUTE
    ..\..\User\main.c                        0x00000000   Number         0  main.o ABSOLUTE
    ..\..\User\stm32f10x_it.c                0x00000000   Number         0  stm32f10x_it.o ABSOLUTE
    ..\..\User\sys_config.c                  0x00000000   Number         0  sys_config.o ABSOLUTE
    ..\..\User\usart\bsp_usart.c             0x00000000   Number         0  bsp_usart.o ABSOLUTE
    ..\\..\\Libraries\\CMSIS\\core_cm3.c     0x00000000   Number         0  core_cm3.o ABSOLUTE
    cdcmple.s                                0x00000000   Number         0  cdcmple.o ABSOLUTE
    cdrcmple.s                               0x00000000   Number         0  cdrcmple.o ABSOLUTE
    dc.s                                     0x00000000   Number         0  dc.o ABSOLUTE
    handlers.s                               0x00000000   Number         0  handlers.o ABSOLUTE
    init.s                                   0x00000000   Number         0  init.o ABSOLUTE
    RESET                                    0x08000000   Section      304  startup_stm32f10x_hd.o(RESET)
    .ARM.Collect$$$$00000000                 0x08000130   Section        0  entry.o(.ARM.Collect$$$$00000000)
    .ARM.Collect$$$$00000001                 0x08000130   Section        4  entry2.o(.ARM.Collect$$$$00000001)
    .ARM.Collect$$$$00000004                 0x08000134   Section        4  entry5.o(.ARM.Collect$$$$00000004)
    .ARM.Collect$$$$00000008                 0x08000138   Section        0  entry7b.o(.ARM.Collect$$$$00000008)
    .ARM.Collect$$$$0000000A                 0x08000138   Section        0  entry8b.o(.ARM.Collect$$$$0000000A)
    .ARM.Collect$$$$0000000B                 0x08000138   Section        8  entry9a.o(.ARM.Collect$$$$0000000B)
    .ARM.Collect$$$$0000000D                 0x08000140   Section        0  entry10a.o(.ARM.Collect$$$$0000000D)
    .ARM.Collect$$$$0000000F                 0x08000140   Section        0  entry11a.o(.ARM.Collect$$$$0000000F)
    .ARM.Collect$$$$00002712                 0x08000140   Section        4  entry2.o(.ARM.Collect$$$$00002712)
    __lit__00000000                          0x08000140   Data           4  entry2.o(.ARM.Collect$$$$00002712)
    .text                                    0x08000144   Section       36  startup_stm32f10x_hd.o(.text)
    .text                                    0x08000168   Section        0  system_stm32f10x.o(.text)
    SetSysClockTo72                          0x08000169   Thumb Code   214  system_stm32f10x.o(.text)
    SetSysClock                              0x0800023f   Thumb Code     8  system_stm32f10x.o(.text)
    .text                                    0x08000348   Section        0  misc.o(.text)
    .text                                    0x08000424   Section        0  stm32f10x_flash.o(.text)
    .text                                    0x080009e0   Section        0  stm32f10x_gpio.o(.text)
    .text                                    0x08000d3c   Section        0  stm32f10x_rcc.o(.text)
    .text                                    0x080010e0   Section        0  stm32f10x_spi.o(.text)
    .text                                    0x080013ec   Section        0  stm32f10x_usart.o(.text)
    .text                                    0x080017f4   Section        0  main.o(.text)
    .text                                    0x080018e0   Section        0  stm32f10x_it.o(.text)
    .text                                    0x080019bc   Section        0  sys_config.o(.text)
    .text                                    0x08001ad0   Section        0  bsp_usart.o(.text)
    .text                                    0x08001d1c   Section        0  radio.o(.text)
    .text                                    0x08001d58   Section        0  sx1276.o(.text)
    .text                                    0x08001fe4   Section        0  sx1276-fsk.o(.text)
    .text                                    0x08002998   Section        0  sx1276-fskmisc.o(.text)
    SX1276FskComputeRxBw                     0x08002da1   Thumb Code   152  sx1276-fskmisc.o(.text)
    SX1276FskComputeRxBwMantExp              0x08002e39   Thumb Code   266  sx1276-fskmisc.o(.text)
    .text                                    0x080033b0   Section        0  sx1276-lora.o(.text)
    .text                                    0x08003cec   Section        0  sx1276-loramisc.o(.text)
    .text                                    0x0800440c   Section        0  spi.o(.text)
    .text                                    0x080044e0   Section        0  sx12xxeiger.o(.text)
    .text                                    0x0800457c   Section        0  sx1276-hal.o(.text)
    .text                                    0x080047d8   Section        0  memcpya.o(.text)
    .text                                    0x080047fc   Section        0  memseta.o(.text)
    .text                                    0x08004820   Section        0  dadd.o(.text)
    .text                                    0x0800496e   Section        0  dmul.o(.text)
    .text                                    0x08004a52   Section        0  ddiv.o(.text)
    .text                                    0x08004b30   Section        0  dflti.o(.text)
    .text                                    0x08004b52   Section        0  dfltui.o(.text)
    .text                                    0x08004b6c   Section        0  dfixi.o(.text)
    .text                                    0x08004baa   Section        0  dfixui.o(.text)
    .text                                    0x08004bdc   Section       48  cdcmple.o(.text)
    .text                                    0x08004c0c   Section        0  llshl.o(.text)
    .text                                    0x08004c2a   Section        0  llushr.o(.text)
    .text                                    0x08004c4a   Section        0  llsshr.o(.text)
    .text                                    0x08004c6e   Section        0  iusefp.o(.text)
    .text                                    0x08004c6e   Section        0  depilogue.o(.text)
    .text                                    0x08004d28   Section        0  dscalb.o(.text)
    .text                                    0x08004d58   Section        0  drnd.o(.text)
    .text                                    0x08004de0   Section       48  cdrcmple.o(.text)
    .text                                    0x08004e10   Section       36  init.o(.text)
    .text                                    0x08004e34   Section        0  dsqrt.o(.text)
    i.__0printf$2                            0x08004ed8   Section        0  printf2.o(i.__0printf$2)
    i.__ARM_fpclassify                       0x08004ef8   Section        0  fpclassify.o(i.__ARM_fpclassify)
    i.__kernel_poly                          0x08004f20   Section        0  poly.o(i.__kernel_poly)
    i.__mathlib_dbl_divzero                  0x08004fcc   Section        0  dunder.o(i.__mathlib_dbl_divzero)
    i.__mathlib_dbl_infnan2                  0x08004fdc   Section        0  dunder.o(i.__mathlib_dbl_infnan2)
    i.__mathlib_dbl_invalid                  0x08004fe0   Section        0  dunder.o(i.__mathlib_dbl_invalid)
    i.__mathlib_dbl_overflow                 0x08004fec   Section        0  dunder.o(i.__mathlib_dbl_overflow)
    i.__mathlib_dbl_underflow                0x08004ffc   Section        0  dunder.o(i.__mathlib_dbl_underflow)
    i.__scatterload_copy                     0x0800500c   Section       14  handlers.o(i.__scatterload_copy)
    i.__scatterload_null                     0x0800501a   Section        2  handlers.o(i.__scatterload_null)
    i.__scatterload_zeroinit                 0x0800501c   Section       14  handlers.o(i.__scatterload_zeroinit)
    i.__set_errno                            0x0800502c   Section        0  errno.o(i.__set_errno)
    i._printf_core                           0x08005038   Section        0  printf2.o(i._printf_core)
    _printf_core                             0x08005039   Thumb Code   214  printf2.o(i._printf_core)
    i.pow                                    0x08005110   Section        0  pow.o(i.pow)
    i.round                                  0x08005ae8   Section        0  round.o(i.round)
    i.sqrt                                   0x08005b7c   Section        0  sqrt.o(i.sqrt)
    .constdata                               0x08005bc8   Section      444  sx1276-lora.o(.constdata)
    .constdata                               0x08005d88   Section      136  pow.o(.constdata)
    bp                                       0x08005d88   Data          16  pow.o(.constdata)
    dp_h                                     0x08005d98   Data          16  pow.o(.constdata)
    dp_l                                     0x08005da8   Data          16  pow.o(.constdata)
    L                                        0x08005db8   Data          48  pow.o(.constdata)
    P                                        0x08005de8   Data          40  pow.o(.constdata)
    .constdata                               0x08005e10   Section        8  qnan.o(.constdata)
    .data                                    0x20000000   Section       20  system_stm32f10x.o(.data)
    .data                                    0x20000014   Section       20  stm32f10x_rcc.o(.data)
    APBAHBPrescTable                         0x20000014   Data          16  stm32f10x_rcc.o(.data)
    ADCPrescTable                            0x20000024   Data           4  stm32f10x_rcc.o(.data)
    .data                                    0x20000028   Section       10  main.o(.data)
    BufferSize                               0x20000028   Data           2  main.o(.data)
    .data                                    0x20000032   Section        2  stm32f10x_it.o(.data)
    .data                                    0x20000034   Section        2  sx1276.o(.data)
    LoRaOn                                   0x20000034   Data           1  sx1276.o(.data)
    LoRaOnState                              0x20000035   Data           1  sx1276.o(.data)
    .data                                    0x20000038   Section       90  sx1276-fsk.o(.data)
    DataChunkSize                            0x20000058   Data           1  sx1276-fsk.o(.data)
    RFState                                  0x20000059   Data           1  sx1276-fsk.o(.data)
    PacketTimeout                            0x2000005c   Data           4  sx1276-fsk.o(.data)
    Preamble2SyncTimeout                     0x20000060   Data           4  sx1276-fsk.o(.data)
    PreambleDetected                         0x20000064   Data           1  sx1276-fsk.o(.data)
    SyncWordDetected                         0x20000065   Data           1  sx1276-fsk.o(.data)
    PacketDetected                           0x20000066   Data           1  sx1276-fsk.o(.data)
    RxPacketSize                             0x20000068   Data           2  sx1276-fsk.o(.data)
    RxBytesRead                              0x2000006a   Data           1  sx1276-fsk.o(.data)
    TxBytesSent                              0x2000006b   Data           1  sx1276-fsk.o(.data)
    RxPacketRssiValue                        0x20000070   Data           8  sx1276-fsk.o(.data)
    RxPacketAfcValue                         0x20000078   Data           4  sx1276-fsk.o(.data)
    RxGain                                   0x2000007c   Data           1  sx1276-fsk.o(.data)
    RxTimeoutTimer                           0x20000080   Data           4  sx1276-fsk.o(.data)
    Preamble2SyncTimer                       0x20000084   Data           4  sx1276-fsk.o(.data)
    TxPacketSize                             0x20000088   Data           2  sx1276-fsk.o(.data)
    TxTimeoutTimer                           0x2000008c   Data           4  sx1276-fsk.o(.data)
    opModePrev                               0x20000090   Data           1  sx1276-fsk.o(.data)
    antennaSwitchTxOnPrev                    0x20000091   Data           1  sx1276-fsk.o(.data)
    .data                                    0x20000098   Section       64  sx1276-lora.o(.data)
    RFLRState                                0x200000b8   Data           1  sx1276-lora.o(.data)
    RxPacketSize                             0x200000ba   Data           2  sx1276-lora.o(.data)
    RxPacketSnrEstimate                      0x200000bc   Data           1  sx1276-lora.o(.data)
    RxPacketRssiValue                        0x200000c0   Data           8  sx1276-lora.o(.data)
    RxGain                                   0x200000c8   Data           1  sx1276-lora.o(.data)
    RxTimeoutTimer                           0x200000cc   Data           4  sx1276-lora.o(.data)
    PacketTimeout                            0x200000d0   Data           4  sx1276-lora.o(.data)
    TxPacketSize                             0x200000d4   Data           2  sx1276-lora.o(.data)
    opModePrev                               0x200000d6   Data           1  sx1276-lora.o(.data)
    antennaSwitchTxOnPrev                    0x200000d7   Data           1  sx1276-lora.o(.data)
    .data                                    0x200000d8   Section        4  sx12xxeiger.o(.data)
    .data                                    0x200000dc   Section        4  stdout.o(.data)
    .data                                    0x200000e0   Section        4  errno.o(.data)
    _errno                                   0x200000e0   Data           4  errno.o(.data)
    .bss                                     0x200000e4   Section       80  main.o(.bss)
    Buffer                                   0x200000e4   Data          80  main.o(.bss)
    .bss                                     0x20000134   Section      200  stm32f10x_it.o(.bss)
    .bss                                     0x200001fc   Section       24  radio.o(.bss)
    .bss                                     0x20000214   Section      112  sx1276.o(.bss)
    .bss                                     0x20000284   Section      256  sx1276-fsk.o(.bss)
    RFBuffer                                 0x20000284   Data         256  sx1276-fsk.o(.bss)
    .bss                                     0x20000384   Section      256  sx1276-lora.o(.bss)
    RFBuffer                                 0x20000384   Data         256  sx1276-lora.o(.bss)
    STACK                                    0x20000488   Section     1024  startup_stm32f10x_hd.o(STACK)

    Global Symbols

    Symbol Name                              Value     Ov Type        Size  Object(Section)

    BuildAttributes$$THM_ISAv4$P$D$K$B$S$PE$A:L22UL41UL21$X:L11$S22US41US21$IEEE1$IW$USESV6$~STKCKD$USESV7$~SHL$OTIME$ROPI$IEEEX$EBA8$MICROLIB$REQ8$PRES8$EABIv2 0x00000000   Number         0  anon$$obj.o ABSOLUTE
    __ARM_use_no_argv                        0x00000000   Number         0  main.o ABSOLUTE
    _printf_a                                0x00000000   Number         0  stubs.o ABSOLUTE
    _printf_c                                0x00000000   Number         0  stubs.o ABSOLUTE
    _printf_charcount                        0x00000000   Number         0  stubs.o ABSOLUTE
    _printf_d                                0x00000000   Number         0  stubs.o ABSOLUTE
    _printf_e                                0x00000000   Number         0  stubs.o ABSOLUTE
    _printf_f                                0x00000000   Number         0  stubs.o ABSOLUTE
    _printf_flags                            0x00000000   Number         0  stubs.o ABSOLUTE
    _printf_fp_dec                           0x00000000   Number         0  stubs.o ABSOLUTE
    _printf_fp_hex                           0x00000000   Number         0  stubs.o ABSOLUTE
    _printf_g                                0x00000000   Number         0  stubs.o ABSOLUTE
    _printf_i                                0x00000000   Number         0  stubs.o ABSOLUTE
    _printf_int_dec                          0x00000000   Number         0  stubs.o ABSOLUTE
    _printf_l                                0x00000000   Number         0  stubs.o ABSOLUTE
    _printf_lc                               0x00000000   Number         0  stubs.o ABSOLUTE
    _printf_ll                               0x00000000   Number         0  stubs.o ABSOLUTE
    _printf_lld                              0x00000000   Number         0  stubs.o ABSOLUTE
    _printf_lli                              0x00000000   Number         0  stubs.o ABSOLUTE
    _printf_llo                              0x00000000   Number         0  stubs.o ABSOLUTE
    _printf_llu                              0x00000000   Number         0  stubs.o ABSOLUTE
    _printf_llx                              0x00000000   Number         0  stubs.o ABSOLUTE
    _printf_longlong_dec                     0x00000000   Number         0  stubs.o ABSOLUTE
    _printf_longlong_hex                     0x00000000   Number         0  stubs.o ABSOLUTE
    _printf_longlong_oct                     0x00000000   Number         0  stubs.o ABSOLUTE
    _printf_ls                               0x00000000   Number         0  stubs.o ABSOLUTE
    _printf_mbtowc                           0x00000000   Number         0  stubs.o ABSOLUTE
    _printf_n                                0x00000000   Number         0  stubs.o ABSOLUTE
    _printf_o                                0x00000000   Number         0  stubs.o ABSOLUTE
    _printf_p                                0x00000000   Number         0  stubs.o ABSOLUTE
    _printf_percent                          0x00000000   Number         0  stubs.o ABSOLUTE
    _printf_pre_padding                      0x00000000   Number         0  stubs.o ABSOLUTE
    _printf_return_value                     0x00000000   Number         0  stubs.o ABSOLUTE
    _printf_s                                0x00000000   Number         0  stubs.o ABSOLUTE
    _printf_sizespec                         0x00000000   Number         0  stubs.o ABSOLUTE
    _printf_str                              0x00000000   Number         0  stubs.o ABSOLUTE
    _printf_truncate_signed                  0x00000000   Number         0  stubs.o ABSOLUTE
    _printf_truncate_unsigned                0x00000000   Number         0  stubs.o ABSOLUTE
    _printf_u                                0x00000000   Number         0  stubs.o ABSOLUTE
    _printf_wc                               0x00000000   Number         0  stubs.o ABSOLUTE
    _printf_wctomb                           0x00000000   Number         0  stubs.o ABSOLUTE
    _printf_widthprec                        0x00000000   Number         0  stubs.o ABSOLUTE
    _printf_x                                0x00000000   Number         0  stubs.o ABSOLUTE
    __cpp_initialize__aeabi_                  - Undefined Weak Reference
    __cxa_finalize                            - Undefined Weak Reference
    __decompress                              - Undefined Weak Reference
    _clock_init                               - Undefined Weak Reference
    _microlib_exit                            - Undefined Weak Reference
    __Vectors_Size                           0x00000130   Number         0  startup_stm32f10x_hd.o ABSOLUTE
    __Vectors                                0x08000000   Data           4  startup_stm32f10x_hd.o(RESET)
    __Vectors_End                            0x08000130   Data           0  startup_stm32f10x_hd.o(RESET)
    __main                                   0x08000131   Thumb Code     0  entry.o(.ARM.Collect$$$$00000000)
    _main_stk                                0x08000131   Thumb Code     0  entry2.o(.ARM.Collect$$$$00000001)
    _main_scatterload                        0x08000135   Thumb Code     0  entry5.o(.ARM.Collect$$$$00000004)
    __main_after_scatterload                 0x08000139   Thumb Code     0  entry5.o(.ARM.Collect$$$$00000004)
    _main_clock                              0x08000139   Thumb Code     0  entry7b.o(.ARM.Collect$$$$00000008)
    _main_cpp_init                           0x08000139   Thumb Code     0  entry8b.o(.ARM.Collect$$$$0000000A)
    _main_init                               0x08000139   Thumb Code     0  entry9a.o(.ARM.Collect$$$$0000000B)
    __rt_final_cpp                           0x08000141   Thumb Code     0  entry10a.o(.ARM.Collect$$$$0000000D)
    __rt_final_exit                          0x08000141   Thumb Code     0  entry11a.o(.ARM.Collect$$$$0000000F)
    Reset_Handler                            0x08000145   Thumb Code     8  startup_stm32f10x_hd.o(.text)
    ADC1_2_IRQHandler                        0x0800015f   Thumb Code     0  startup_stm32f10x_hd.o(.text)
    ADC3_IRQHandler                          0x0800015f   Thumb Code     0  startup_stm32f10x_hd.o(.text)
    CAN1_RX1_IRQHandler                      0x0800015f   Thumb Code     0  startup_stm32f10x_hd.o(.text)
    CAN1_SCE_IRQHandler                      0x0800015f   Thumb Code     0  startup_stm32f10x_hd.o(.text)
    DMA1_Channel1_IRQHandler                 0x0800015f   Thumb Code     0  startup_stm32f10x_hd.o(.text)
    DMA1_Channel2_IRQHandler                 0x0800015f   Thumb Code     0  startup_stm32f10x_hd.o(.text)
    DMA1_Channel3_IRQHandler                 0x0800015f   Thumb Code     0  startup_stm32f10x_hd.o(.text)
    DMA1_Channel4_IRQHandler                 0x0800015f   Thumb Code     0  startup_stm32f10x_hd.o(.text)
    DMA1_Channel5_IRQHandler                 0x0800015f   Thumb Code     0  startup_stm32f10x_hd.o(.text)
    DMA1_Channel6_IRQHandler                 0x0800015f   Thumb Code     0  startup_stm32f10x_hd.o(.text)
    DMA1_Channel7_IRQHandler                 0x0800015f   Thumb Code     0  startup_stm32f10x_hd.o(.text)
    DMA2_Channel1_IRQHandler                 0x0800015f   Thumb Code     0  startup_stm32f10x_hd.o(.text)
    DMA2_Channel2_IRQHandler                 0x0800015f   Thumb Code     0  startup_stm32f10x_hd.o(.text)
    DMA2_Channel3_IRQHandler                 0x0800015f   Thumb Code     0  startup_stm32f10x_hd.o(.text)
    DMA2_Channel4_5_IRQHandler               0x0800015f   Thumb Code     0  startup_stm32f10x_hd.o(.text)
    EXTI0_IRQHandler                         0x0800015f   Thumb Code     0  startup_stm32f10x_hd.o(.text)
    EXTI15_10_IRQHandler                     0x0800015f   Thumb Code     0  startup_stm32f10x_hd.o(.text)
    EXTI1_IRQHandler                         0x0800015f   Thumb Code     0  startup_stm32f10x_hd.o(.text)
    EXTI2_IRQHandler                         0x0800015f   Thumb Code     0  startup_stm32f10x_hd.o(.text)
    EXTI3_IRQHandler                         0x0800015f   Thumb Code     0  startup_stm32f10x_hd.o(.text)
    EXTI4_IRQHandler                         0x0800015f   Thumb Code     0  startup_stm32f10x_hd.o(.text)
    EXTI9_5_IRQHandler                       0x0800015f   Thumb Code     0  startup_stm32f10x_hd.o(.text)
    FLASH_IRQHandler                         0x0800015f   Thumb Code     0  startup_stm32f10x_hd.o(.text)
    FSMC_IRQHandler                          0x0800015f   Thumb Code     0  startup_stm32f10x_hd.o(.text)
    I2C1_ER_IRQHandler                       0x0800015f   Thumb Code     0  startup_stm32f10x_hd.o(.text)
    I2C1_EV_IRQHandler                       0x0800015f   Thumb Code     0  startup_stm32f10x_hd.o(.text)
    I2C2_ER_IRQHandler                       0x0800015f   Thumb Code     0  startup_stm32f10x_hd.o(.text)
    I2C2_EV_IRQHandler                       0x0800015f   Thumb Code     0  startup_stm32f10x_hd.o(.text)
    PVD_IRQHandler                           0x0800015f   Thumb Code     0  startup_stm32f10x_hd.o(.text)
    RCC_IRQHandler                           0x0800015f   Thumb Code     0  startup_stm32f10x_hd.o(.text)
    RTCAlarm_IRQHandler                      0x0800015f   Thumb Code     0  startup_stm32f10x_hd.o(.text)
    RTC_IRQHandler                           0x0800015f   Thumb Code     0  startup_stm32f10x_hd.o(.text)
    SDIO_IRQHandler                          0x0800015f   Thumb Code     0  startup_stm32f10x_hd.o(.text)
    SPI1_IRQHandler                          0x0800015f   Thumb Code     0  startup_stm32f10x_hd.o(.text)
    SPI2_IRQHandler                          0x0800015f   Thumb Code     0  startup_stm32f10x_hd.o(.text)
    SPI3_IRQHandler                          0x0800015f   Thumb Code     0  startup_stm32f10x_hd.o(.text)
    TAMPER_IRQHandler                        0x0800015f   Thumb Code     0  startup_stm32f10x_hd.o(.text)
    TIM1_BRK_IRQHandler                      0x0800015f   Thumb Code     0  startup_stm32f10x_hd.o(.text)
    TIM1_CC_IRQHandler                       0x0800015f   Thumb Code     0  startup_stm32f10x_hd.o(.text)
    TIM1_TRG_COM_IRQHandler                  0x0800015f   Thumb Code     0  startup_stm32f10x_hd.o(.text)
    TIM1_UP_IRQHandler                       0x0800015f   Thumb Code     0  startup_stm32f10x_hd.o(.text)
    TIM2_IRQHandler                          0x0800015f   Thumb Code     0  startup_stm32f10x_hd.o(.text)
    TIM3_IRQHandler                          0x0800015f   Thumb Code     0  startup_stm32f10x_hd.o(.text)
    TIM4_IRQHandler                          0x0800015f   Thumb Code     0  startup_stm32f10x_hd.o(.text)
    TIM5_IRQHandler                          0x0800015f   Thumb Code     0  startup_stm32f10x_hd.o(.text)
    TIM6_IRQHandler                          0x0800015f   Thumb Code     0  startup_stm32f10x_hd.o(.text)
    TIM7_IRQHandler                          0x0800015f   Thumb Code     0  startup_stm32f10x_hd.o(.text)
    TIM8_BRK_IRQHandler                      0x0800015f   Thumb Code     0  startup_stm32f10x_hd.o(.text)
    TIM8_CC_IRQHandler                       0x0800015f   Thumb Code     0  startup_stm32f10x_hd.o(.text)
    TIM8_TRG_COM_IRQHandler                  0x0800015f   Thumb Code     0  startup_stm32f10x_hd.o(.text)
    TIM8_UP_IRQHandler                       0x0800015f   Thumb Code     0  startup_stm32f10x_hd.o(.text)
    UART4_IRQHandler                         0x0800015f   Thumb Code     0  startup_stm32f10x_hd.o(.text)
    UART5_IRQHandler                         0x0800015f   Thumb Code     0  startup_stm32f10x_hd.o(.text)
    USART3_IRQHandler                        0x0800015f   Thumb Code     0  startup_stm32f10x_hd.o(.text)
    USBWakeUp_IRQHandler                     0x0800015f   Thumb Code     0  startup_stm32f10x_hd.o(.text)
    USB_HP_CAN1_TX_IRQHandler                0x0800015f   Thumb Code     0  startup_stm32f10x_hd.o(.text)
    USB_LP_CAN1_RX0_IRQHandler               0x0800015f   Thumb Code     0  startup_stm32f10x_hd.o(.text)
    WWDG_IRQHandler                          0x0800015f   Thumb Code     0  startup_stm32f10x_hd.o(.text)
    SystemInit                               0x08000247   Thumb Code    78  system_stm32f10x.o(.text)
    SystemCoreClockUpdate                    0x08000295   Thumb Code   142  system_stm32f10x.o(.text)
    NVIC_PriorityGroupConfig                 0x08000349   Thumb Code    10  misc.o(.text)
    NVIC_Init                                0x08000353   Thumb Code   100  misc.o(.text)
    NVIC_SetVectorTable                      0x080003b7   Thumb Code    14  misc.o(.text)
    NVIC_SystemLPConfig                      0x080003c5   Thumb Code    34  misc.o(.text)
    SysTick_CLKSourceConfig                  0x080003e7   Thumb Code    40  misc.o(.text)
    FLASH_SetLatency                         0x08000425   Thumb Code    18  stm32f10x_flash.o(.text)
    FLASH_HalfCycleAccessCmd                 0x08000437   Thumb Code    22  stm32f10x_flash.o(.text)
    FLASH_PrefetchBufferCmd                  0x0800044d   Thumb Code    22  stm32f10x_flash.o(.text)
    FLASH_Unlock                             0x08000463   Thumb Code    12  stm32f10x_flash.o(.text)
    FLASH_UnlockBank1                        0x0800046f   Thumb Code    12  stm32f10x_flash.o(.text)
    FLASH_Lock                               0x0800047b   Thumb Code    14  stm32f10x_flash.o(.text)
    FLASH_LockBank1                          0x08000489   Thumb Code    14  stm32f10x_flash.o(.text)
    FLASH_GetBank1Status                     0x08000497   Thumb Code    48  stm32f10x_flash.o(.text)
    FLASH_WaitForLastOperation               0x080004c7   Thumb Code    38  stm32f10x_flash.o(.text)
    FLASH_ErasePage                          0x080004ed   Thumb Code    72  stm32f10x_flash.o(.text)
    FLASH_EraseAllPages                      0x08000535   Thumb Code    68  stm32f10x_flash.o(.text)
    FLASH_WaitForLastBank1Operation          0x08000579   Thumb Code    38  stm32f10x_flash.o(.text)
    FLASH_EraseAllBank1Pages                 0x0800059f   Thumb Code    68  stm32f10x_flash.o(.text)
    FLASH_GetReadOutProtectionStatus         0x080005e3   Thumb Code    20  stm32f10x_flash.o(.text)
    FLASH_EraseOptionBytes                   0x080005f7   Thumb Code   150  stm32f10x_flash.o(.text)
    FLASH_ProgramWord                        0x0800068d   Thumb Code   102  stm32f10x_flash.o(.text)
    FLASH_ProgramHalfWord                    0x080006f3   Thumb Code    60  stm32f10x_flash.o(.text)
    FLASH_ProgramOptionByteData              0x0800072f   Thumb Code    72  stm32f10x_flash.o(.text)
    FLASH_EnableWriteProtection              0x08000777   Thumb Code   200  stm32f10x_flash.o(.text)
    FLASH_ReadOutProtection                  0x0800083f   Thumb Code   156  stm32f10x_flash.o(.text)
    FLASH_UserOptionByteConfig               0x080008db   Thumb Code    88  stm32f10x_flash.o(.text)
    FLASH_GetUserOptionByte                  0x08000933   Thumb Code     8  stm32f10x_flash.o(.text)
    FLASH_GetWriteProtectionOptionByte       0x0800093b   Thumb Code     6  stm32f10x_flash.o(.text)
    FLASH_GetPrefetchBufferStatus            0x08000941   Thumb Code    20  stm32f10x_flash.o(.text)
    FLASH_ITConfig                           0x08000955   Thumb Code    26  stm32f10x_flash.o(.text)
    FLASH_GetFlagStatus                      0x0800096f   Thumb Code    42  stm32f10x_flash.o(.text)
    FLASH_ClearFlag                          0x08000999   Thumb Code     6  stm32f10x_flash.o(.text)
    FLASH_GetStatus                          0x0800099f   Thumb Code    48  stm32f10x_flash.o(.text)
    GPIO_DeInit                              0x080009e1   Thumb Code   172  stm32f10x_gpio.o(.text)
    GPIO_AFIODeInit                          0x08000a8d   Thumb Code    20  stm32f10x_gpio.o(.text)
    GPIO_Init                                0x08000aa1   Thumb Code   278  stm32f10x_gpio.o(.text)
    GPIO_StructInit                          0x08000bb7   Thumb Code    16  stm32f10x_gpio.o(.text)
    GPIO_ReadInputDataBit                    0x08000bc7   Thumb Code    18  stm32f10x_gpio.o(.text)
    GPIO_ReadInputData                       0x08000bd9   Thumb Code     8  stm32f10x_gpio.o(.text)
    GPIO_ReadOutputDataBit                   0x08000be1   Thumb Code    18  stm32f10x_gpio.o(.text)
    GPIO_ReadOutputData                      0x08000bf3   Thumb Code     8  stm32f10x_gpio.o(.text)
    GPIO_SetBits                             0x08000bfb   Thumb Code     4  stm32f10x_gpio.o(.text)
    GPIO_ResetBits                           0x08000bff   Thumb Code     4  stm32f10x_gpio.o(.text)
    GPIO_WriteBit                            0x08000c03   Thumb Code    10  stm32f10x_gpio.o(.text)
    GPIO_Write                               0x08000c0d   Thumb Code     4  stm32f10x_gpio.o(.text)
    GPIO_PinLockConfig                       0x08000c11   Thumb Code    18  stm32f10x_gpio.o(.text)
    GPIO_EventOutputConfig                   0x08000c23   Thumb Code    26  stm32f10x_gpio.o(.text)
    GPIO_EventOutputCmd                      0x08000c3d   Thumb Code     6  stm32f10x_gpio.o(.text)
    GPIO_PinRemapConfig                      0x08000c43   Thumb Code   138  stm32f10x_gpio.o(.text)
    GPIO_EXTILineConfig                      0x08000ccd   Thumb Code    66  stm32f10x_gpio.o(.text)
    GPIO_ETH_MediaInterfaceConfig            0x08000d0f   Thumb Code     8  stm32f10x_gpio.o(.text)
    RCC_DeInit                               0x08000d3d   Thumb Code    64  stm32f10x_rcc.o(.text)
    RCC_HSEConfig                            0x08000d7d   Thumb Code    70  stm32f10x_rcc.o(.text)
    RCC_GetFlagStatus                        0x08000dc3   Thumb Code    56  stm32f10x_rcc.o(.text)
    RCC_WaitForHSEStartUp                    0x08000dfb   Thumb Code    56  stm32f10x_rcc.o(.text)
    RCC_AdjustHSICalibrationValue            0x08000e33   Thumb Code    20  stm32f10x_rcc.o(.text)
    RCC_HSICmd                               0x08000e47   Thumb Code     6  stm32f10x_rcc.o(.text)
    RCC_PLLConfig                            0x08000e4d   Thumb Code    24  stm32f10x_rcc.o(.text)
    RCC_PLLCmd                               0x08000e65   Thumb Code     6  stm32f10x_rcc.o(.text)
    RCC_SYSCLKConfig                         0x08000e6b   Thumb Code    18  stm32f10x_rcc.o(.text)
    RCC_GetSYSCLKSource                      0x08000e7d   Thumb Code    10  stm32f10x_rcc.o(.text)
    RCC_HCLKConfig                           0x08000e87   Thumb Code    18  stm32f10x_rcc.o(.text)
    RCC_PCLK1Config                          0x08000e99   Thumb Code    18  stm32f10x_rcc.o(.text)
    RCC_PCLK2Config                          0x08000eab   Thumb Code    20  stm32f10x_rcc.o(.text)
    RCC_ITConfig                             0x08000ebf   Thumb Code    26  stm32f10x_rcc.o(.text)
    RCC_USBCLKConfig                         0x08000ed9   Thumb Code     8  stm32f10x_rcc.o(.text)
    RCC_ADCCLKConfig                         0x08000ee1   Thumb Code    18  stm32f10x_rcc.o(.text)
    RCC_LSEConfig                            0x08000ef3   Thumb Code    50  stm32f10x_rcc.o(.text)
    RCC_LSICmd                               0x08000f25   Thumb Code     6  stm32f10x_rcc.o(.text)
    RCC_RTCCLKConfig                         0x08000f2b   Thumb Code    12  stm32f10x_rcc.o(.text)
    RCC_RTCCLKCmd                            0x08000f37   Thumb Code     8  stm32f10x_rcc.o(.text)
    RCC_GetClocksFreq                        0x08000f3f   Thumb Code   192  stm32f10x_rcc.o(.text)
    RCC_AHBPeriphClockCmd                    0x08000fff   Thumb Code    26  stm32f10x_rcc.o(.text)
    RCC_APB2PeriphClockCmd                   0x08001019   Thumb Code    26  stm32f10x_rcc.o(.text)
    RCC_APB1PeriphClockCmd                   0x08001033   Thumb Code    26  stm32f10x_rcc.o(.text)
    RCC_APB2PeriphResetCmd                   0x0800104d   Thumb Code    26  stm32f10x_rcc.o(.text)
    RCC_APB1PeriphResetCmd                   0x08001067   Thumb Code    26  stm32f10x_rcc.o(.text)
    RCC_BackupResetCmd                       0x08001081   Thumb Code     8  stm32f10x_rcc.o(.text)
    RCC_ClockSecuritySystemCmd               0x08001089   Thumb Code     6  stm32f10x_rcc.o(.text)
    RCC_MCOConfig                            0x0800108f   Thumb Code     6  stm32f10x_rcc.o(.text)
    RCC_ClearFlag                            0x08001095   Thumb Code    14  stm32f10x_rcc.o(.text)
    RCC_GetITStatus                          0x080010a3   Thumb Code    20  stm32f10x_rcc.o(.text)
    RCC_ClearITPendingBit                    0x080010b7   Thumb Code     6  stm32f10x_rcc.o(.text)
    SPI_I2S_DeInit                           0x080010e1   Thumb Code    76  stm32f10x_spi.o(.text)
    SPI_Init                                 0x0800112d   Thumb Code    60  stm32f10x_spi.o(.text)
    I2S_Init                                 0x08001169   Thumb Code   226  stm32f10x_spi.o(.text)
    SPI_StructInit                           0x0800124b   Thumb Code    24  stm32f10x_spi.o(.text)
    I2S_StructInit                           0x08001263   Thumb Code    20  stm32f10x_spi.o(.text)
    SPI_Cmd                                  0x08001277   Thumb Code    24  stm32f10x_spi.o(.text)
    I2S_Cmd                                  0x0800128f   Thumb Code    24  stm32f10x_spi.o(.text)
    SPI_I2S_ITConfig                         0x080012a7   Thumb Code    32  stm32f10x_spi.o(.text)
    SPI_I2S_DMACmd                           0x080012c7   Thumb Code    18  stm32f10x_spi.o(.text)
    SPI_I2S_SendData                         0x080012d9   Thumb Code     4  stm32f10x_spi.o(.text)
    SPI_I2S_ReceiveData                      0x080012dd   Thumb Code     6  stm32f10x_spi.o(.text)
    SPI_NSSInternalSoftwareConfig            0x080012e3   Thumb Code    30  stm32f10x_spi.o(.text)
    SPI_SSOutputCmd                          0x08001301   Thumb Code    24  stm32f10x_spi.o(.text)
    SPI_DataSizeConfig                       0x08001319   Thumb Code    18  stm32f10x_spi.o(.text)
    SPI_TransmitCRC                          0x0800132b   Thumb Code    10  stm32f10x_spi.o(.text)
    SPI_CalculateCRC                         0x08001335   Thumb Code    24  stm32f10x_spi.o(.text)
    SPI_GetCRC                               0x0800134d   Thumb Code    16  stm32f10x_spi.o(.text)
    SPI_GetCRCPolynomial                     0x0800135d   Thumb Code     6  stm32f10x_spi.o(.text)
    SPI_BiDirectionalLineConfig              0x08001363   Thumb Code    28  stm32f10x_spi.o(.text)
    SPI_I2S_GetFlagStatus                    0x0800137f   Thumb Code    18  stm32f10x_spi.o(.text)
    SPI_I2S_ClearFlag                        0x08001391   Thumb Code     6  stm32f10x_spi.o(.text)
    SPI_I2S_GetITStatus                      0x08001397   Thumb Code    52  stm32f10x_spi.o(.text)
    SPI_I2S_ClearITPendingBit                0x080013cb   Thumb Code    20  stm32f10x_spi.o(.text)
    USART_DeInit                             0x080013ed   Thumb Code   134  stm32f10x_usart.o(.text)
    USART_Init                               0x08001473   Thumb Code   210  stm32f10x_usart.o(.text)
    USART_StructInit                         0x08001545   Thumb Code    24  stm32f10x_usart.o(.text)
    USART_ClockInit                          0x0800155d   Thumb Code    34  stm32f10x_usart.o(.text)
    USART_ClockStructInit                    0x0800157f   Thumb Code    12  stm32f10x_usart.o(.text)
    USART_Cmd                                0x0800158b   Thumb Code    24  stm32f10x_usart.o(.text)
    USART_ITConfig                           0x080015a3   Thumb Code    74  stm32f10x_usart.o(.text)
    USART_DMACmd                             0x080015ed   Thumb Code    18  stm32f10x_usart.o(.text)
    USART_SetAddress                         0x080015ff   Thumb Code    18  stm32f10x_usart.o(.text)
    USART_WakeUpConfig                       0x08001611   Thumb Code    18  stm32f10x_usart.o(.text)
    USART_ReceiverWakeUpCmd                  0x08001623   Thumb Code    24  stm32f10x_usart.o(.text)
    USART_LINBreakDetectLengthConfig         0x0800163b   Thumb Code    18  stm32f10x_usart.o(.text)
    USART_LINCmd                             0x0800164d   Thumb Code    24  stm32f10x_usart.o(.text)
    USART_SendData                           0x08001665   Thumb Code     8  stm32f10x_usart.o(.text)
    USART_ReceiveData                        0x0800166d   Thumb Code    10  stm32f10x_usart.o(.text)
    USART_SendBreak                          0x08001677   Thumb Code    10  stm32f10x_usart.o(.text)
    USART_SetGuardTime                       0x08001681   Thumb Code    16  stm32f10x_usart.o(.text)
    USART_SetPrescaler                       0x08001691   Thumb Code    16  stm32f10x_usart.o(.text)
    USART_SmartCardCmd                       0x080016a1   Thumb Code    24  stm32f10x_usart.o(.text)
    USART_SmartCardNACKCmd                   0x080016b9   Thumb Code    24  stm32f10x_usart.o(.text)
    USART_HalfDuplexCmd                      0x080016d1   Thumb Code    24  stm32f10x_usart.o(.text)
    USART_OverSampling8Cmd                   0x080016e9   Thumb Code    22  stm32f10x_usart.o(.text)
    USART_OneBitMethodCmd                    0x080016ff   Thumb Code    24  stm32f10x_usart.o(.text)
    USART_IrDAConfig                         0x08001717   Thumb Code    18  stm32f10x_usart.o(.text)
    USART_IrDACmd                            0x08001729   Thumb Code    24  stm32f10x_usart.o(.text)
    USART_GetFlagStatus                      0x08001741   Thumb Code    26  stm32f10x_usart.o(.text)
    USART_ClearFlag                          0x0800175b   Thumb Code    18  stm32f10x_usart.o(.text)
    USART_GetITStatus                        0x0800176d   Thumb Code    84  stm32f10x_usart.o(.text)
    USART_ClearITPendingBit                  0x080017c1   Thumb Code    52  stm32f10x_usart.o(.text)
    OnMaster                                 0x080017f5   Thumb Code   160  main.o(.text)
    main                                     0x08001895   Thumb Code    38  main.o(.text)
    HardFault_Handler_C                      0x080018e1   Thumb Code     4  stm32f10x_it.o(.text)
    NMI_Handler                              0x080018e5   Thumb Code     2  stm32f10x_it.o(.text)
    HardFault_Handler                        0x080018e7   Thumb Code     4  stm32f10x_it.o(.text)
    MemManage_Handler                        0x080018eb   Thumb Code     4  stm32f10x_it.o(.text)
    BusFault_Handler                         0x080018ef   Thumb Code     4  stm32f10x_it.o(.text)
    UsageFault_Handler                       0x080018f3   Thumb Code     4  stm32f10x_it.o(.text)
    SVC_Handler                              0x080018f7   Thumb Code     2  stm32f10x_it.o(.text)
    DebugMon_Handler                         0x080018f9   Thumb Code     2  stm32f10x_it.o(.text)
    PendSV_Handler                           0x080018fb   Thumb Code     2  stm32f10x_it.o(.text)
    SysTick_Handler                          0x080018fd   Thumb Code    12  stm32f10x_it.o(.text)
    USART1_IRQHandler                        0x08001909   Thumb Code   122  stm32f10x_it.o(.text)
    USART2_IRQHandler                        0x08001983   Thumb Code    32  stm32f10x_it.o(.text)
    GPIO_Configuration                       0x080019bd   Thumb Code    46  sys_config.o(.text)
    NVIC_Configuration                       0x080019eb   Thumb Code    12  sys_config.o(.text)
    RCC_Configuration                        0x080019f7   Thumb Code   100  sys_config.o(.text)
    sys_Configuration                        0x08001a5b   Thumb Code    36  sys_config.o(.text)
    GPIO_PinReverse                          0x08001a7f   Thumb Code     8  sys_config.o(.text)
    Soft_delay_us                            0x08001a87   Thumb Code    34  sys_config.o(.text)
    Soft_delay_ms                            0x08001aa9   Thumb Code    32  sys_config.o(.text)
    USART1_Config                            0x08001ad1   Thumb Code   160  bsp_usart.o(.text)
    USART2_Config                            0x08001b71   Thumb Code   162  bsp_usart.o(.text)
    UART1_Send_char                          0x08001c13   Thumb Code    44  bsp_usart.o(.text)
    UsartSend                                0x08001c3f   Thumb Code    26  bsp_usart.o(.text)
    PrintChar                                0x08001c59   Thumb Code    24  bsp_usart.o(.text)
    USART_putchar                            0x08001c71   Thumb Code    44  bsp_usart.o(.text)
    fputc                                    0x08001c9d   Thumb Code    32  bsp_usart.o(.text)
    fgetc                                    0x08001cbd   Thumb Code    26  bsp_usart.o(.text)
    RadioDriverInit                          0x08001d1d   Thumb Code    30  radio.o(.text)
    SX1276SetLoRaOn                          0x08001d59   Thumb Code   170  sx1276.o(.text)
    SX1276Reset                              0x08001e03   Thumb Code    46  sx1276.o(.text)
    SX1276Init                               0x08001e31   Thumb Code    72  sx1276.o(.text)
    SX1276GetLoRaOn                          0x08001e79   Thumb Code     6  sx1276.o(.text)
    SX1276SetOpMode                          0x08001e7f   Thumb Code    26  sx1276.o(.text)
    SX1276GetOpMode                          0x08001e99   Thumb Code    20  sx1276.o(.text)
    SX1276ReadRssi                           0x08001ead   Thumb Code    20  sx1276.o(.text)
    SX1276ReadRxGain                         0x08001ec1   Thumb Code    20  sx1276.o(.text)
    SX1276GetPacketRxGain                    0x08001ed5   Thumb Code    20  sx1276.o(.text)
    SX1276GetPacketSnr                       0x08001ee9   Thumb Code    18  sx1276.o(.text)
    SX1276GetPacketRssi                      0x08001efb   Thumb Code    20  sx1276.o(.text)
    SX1276GetPacketAfc                       0x08001f0f   Thumb Code    18  sx1276.o(.text)
    SX1276StartRx                            0x08001f21   Thumb Code    24  sx1276.o(.text)
    SX1276GetRxPacket                        0x08001f39   Thumb Code    32  sx1276.o(.text)
    SX1276SetTxPacket                        0x08001f59   Thumb Code    32  sx1276.o(.text)
    SX1276GetRFState                         0x08001f79   Thumb Code    20  sx1276.o(.text)
    SX1276SetRFState                         0x08001f8d   Thumb Code    26  sx1276.o(.text)
    SX1276Process                            0x08001fa7   Thumb Code    20  sx1276.o(.text)
    SX1276FskSetOpMode                       0x08001fe5   Thumb Code    88  sx1276-fsk.o(.text)
    SX1276FskSetDefaults                     0x0800203d   Thumb Code    16  sx1276-fsk.o(.text)
    SX1276FskInit                            0x0800204d   Thumb Code   366  sx1276-fsk.o(.text)
    SX1276FskGetOpMode                       0x080021bb   Thumb Code    26  sx1276-fsk.o(.text)
    SX1276FskReadFei                         0x080021d5   Thumb Code    70  sx1276-fsk.o(.text)
    SX1276FskReadAfc                         0x0800221b   Thumb Code    70  sx1276-fsk.o(.text)
    SX1276FskReadRxGain                      0x08002261   Thumb Code    24  sx1276-fsk.o(.text)
    SX1276FskReadRssi                        0x08002279   Thumb Code    42  sx1276-fsk.o(.text)
    SX1276FskGetPacketRxGain                 0x080022a3   Thumb Code     6  sx1276-fsk.o(.text)
    SX1276FskGetPacketRssi                   0x080022a9   Thumb Code     6  sx1276-fsk.o(.text)
    SX1276FskGetPacketAfc                    0x080022af   Thumb Code     6  sx1276-fsk.o(.text)
    SX1276FskSetRFState                      0x080022b5   Thumb Code     6  sx1276-fsk.o(.text)
    SX1276FskStartRx                         0x080022bb   Thumb Code    10  sx1276-fsk.o(.text)
    SX1276FskGetRxPacket                     0x080022c5   Thumb Code    30  sx1276-fsk.o(.text)
    SX1276FskSetTxPacket                     0x080022e3   Thumb Code    28  sx1276-fsk.o(.text)
    SX1276FskGetPacketPayloadSize            0x080022ff   Thumb Code    92  sx1276-fsk.o(.text)
    SX1276FskGetPacketHeaderSize             0x0800235b   Thumb Code    40  sx1276-fsk.o(.text)
    SX1276FskGetRFState                      0x08002383   Thumb Code     6  sx1276-fsk.o(.text)
    SX1276FskProcess                         0x08002389   Thumb Code  1518  sx1276-fsk.o(.text)
    SX1276FskSetRFFrequency                  0x08002999   Thumb Code    74  sx1276-fskmisc.o(.text)
    SX1276FskGetRFFrequency                  0x080029e3   Thumb Code    82  sx1276-fskmisc.o(.text)
    SX1276FskRxCalibrate                     0x08002a35   Thumb Code   164  sx1276-fskmisc.o(.text)
    SX1276FskSetBitrate                      0x08002ad9   Thumb Code    70  sx1276-fskmisc.o(.text)
    SX1276FskGetBitrate                      0x08002b1f   Thumb Code    78  sx1276-fskmisc.o(.text)
    SX1276FskSetFdev                         0x08002b6d   Thumb Code    94  sx1276-fskmisc.o(.text)
    SX1276FskGetFdev                         0x08002bcb   Thumb Code    80  sx1276-fskmisc.o(.text)
    SX1276FskSetRFPower                      0x08002c1b   Thumb Code   252  sx1276-fskmisc.o(.text)
    SX1276FskGetRFPower                      0x08002d17   Thumb Code   138  sx1276-fskmisc.o(.text)
    SX1276FskSetDccBw                        0x08002f43   Thumb Code   162  sx1276-fskmisc.o(.text)
    SX1276FskGetBw                           0x08002fe5   Thumb Code    82  sx1276-fskmisc.o(.text)
    SX1276FskSetPacketCrcOn                  0x08003037   Thumb Code    60  sx1276-fskmisc.o(.text)
    SX1276FskGetPacketCrcOn                  0x08003073   Thumb Code    36  sx1276-fskmisc.o(.text)
    SX1276FskSetAfcOn                        0x08003097   Thumb Code    54  sx1276-fskmisc.o(.text)
    SX1276FskGetAfcOn                        0x080030cd   Thumb Code    34  sx1276-fskmisc.o(.text)
    SX1276FskSetPayloadLength                0x080030ef   Thumb Code    32  sx1276-fskmisc.o(.text)
    SX1276FskGetPayloadLength                0x0800310f   Thumb Code    32  sx1276-fskmisc.o(.text)
    SX1276FskSetPa20dBm                      0x0800312f   Thumb Code    84  sx1276-fskmisc.o(.text)
    SX1276FskGetPa20dBm                      0x08003183   Thumb Code    38  sx1276-fskmisc.o(.text)
    SX1276FskSetPAOutput                     0x080031a9   Thumb Code    64  sx1276-fskmisc.o(.text)
    SX1276FskGetPAOutput                     0x080031e9   Thumb Code    26  sx1276-fskmisc.o(.text)
    SX1276FskSetPaRamp                       0x08003203   Thumb Code    52  sx1276-fskmisc.o(.text)
    SX1276FskGetPaRamp                       0x08003237   Thumb Code    26  sx1276-fskmisc.o(.text)
    SX1276FskSetRssiOffset                   0x08003251   Thumb Code    64  sx1276-fskmisc.o(.text)
    SX1276FskGetRssiOffset                   0x08003291   Thumb Code    44  sx1276-fskmisc.o(.text)
    SX1276FskGetRawTemp                      0x080032bd   Thumb Code   206  sx1276-fskmisc.o(.text)
    SX1276FskCalibreateTemp                  0x0800338b   Thumb Code    14  sx1276-fskmisc.o(.text)
    SX1276FskGetTemp                         0x08003399   Thumb Code    14  sx1276-fskmisc.o(.text)
    SX1276LoRaSetOpMode                      0x080033b1   Thumb Code    88  sx1276-lora.o(.text)
    SX1276LoRaSetDefaults                    0x08003409   Thumb Code    16  sx1276-lora.o(.text)
    SX1276LoRaInit                           0x08003419   Thumb Code   182  sx1276-lora.o(.text)
    SX1276LoRaReset                          0x080034cf   Thumb Code    46  sx1276-lora.o(.text)
    SX1276LoRaGetOpMode                      0x080034fd   Thumb Code    26  sx1276-lora.o(.text)
    SX1276LoRaReadRxGain                     0x08003517   Thumb Code    24  sx1276-lora.o(.text)
    SX1276LoRaReadRssi                       0x0800352f   Thumb Code   108  sx1276-lora.o(.text)
    SX1276LoRaGetPacketRxGain                0x0800359b   Thumb Code     6  sx1276-lora.o(.text)
    SX1276LoRaGetPacketSnr                   0x080035a1   Thumb Code     8  sx1276-lora.o(.text)
    SX1276LoRaGetPacketRssi                  0x080035a9   Thumb Code     6  sx1276-lora.o(.text)
    SX1276LoRaSetRFState                     0x080035af   Thumb Code     6  sx1276-lora.o(.text)
    SX1276LoRaStartRx                        0x080035b5   Thumb Code    10  sx1276-lora.o(.text)
    SX1276LoRaGetRxPacket                    0x080035bf   Thumb Code    30  sx1276-lora.o(.text)
    SX1276LoRaSetTxPacket                    0x080035dd   Thumb Code    44  sx1276-lora.o(.text)
    SX1276LoRaGetRFState                     0x08003609   Thumb Code     6  sx1276-lora.o(.text)
    SX1276LoRaProcess                        0x0800360f   Thumb Code  1750  sx1276-lora.o(.text)
    SX1276LoRaSetRFFrequency                 0x08003ced   Thumb Code    74  sx1276-loramisc.o(.text)
    SX1276LoRaGetRFFrequency                 0x08003d37   Thumb Code    82  sx1276-loramisc.o(.text)
    SX1276LoRaSetRFPower                     0x08003d89   Thumb Code   252  sx1276-loramisc.o(.text)
    SX1276LoRaGetRFPower                     0x08003e85   Thumb Code   116  sx1276-loramisc.o(.text)
    SX1276LoRaSetSignalBandwidth             0x08003ef9   Thumb Code    50  sx1276-loramisc.o(.text)
    SX1276LoRaGetSignalBandwidth             0x08003f2b   Thumb Code    32  sx1276-loramisc.o(.text)
    SX1276LoRaSetNbTrigPeaks                 0x08003f4b   Thumb Code    54  sx1276-loramisc.o(.text)
    SX1276LoRaSetSpreadingFactor             0x08003f81   Thumb Code    82  sx1276-loramisc.o(.text)
    SX1276LoRaGetSpreadingFactor             0x08003fd3   Thumb Code    32  sx1276-loramisc.o(.text)
    SX1276LoRaSetErrorCoding                 0x08003ff3   Thumb Code    54  sx1276-loramisc.o(.text)
    SX1276LoRaGetErrorCoding                 0x08004029   Thumb Code    36  sx1276-loramisc.o(.text)
    SX1276LoRaSetPacketCrcOn                 0x0800404d   Thumb Code    54  sx1276-loramisc.o(.text)
    SX1276LoRaSetPreambleLength              0x08004083   Thumb Code    52  sx1276-loramisc.o(.text)
    SX1276LoRaGetPreambleLength              0x080040b7   Thumb Code    50  sx1276-loramisc.o(.text)
    SX1276LoRaGetPacketCrcOn                 0x080040e9   Thumb Code    44  sx1276-loramisc.o(.text)
    SX1276LoRaSetImplicitHeaderOn            0x08004115   Thumb Code    52  sx1276-loramisc.o(.text)
    SX1276LoRaGetImplicitHeaderOn            0x08004149   Thumb Code    34  sx1276-loramisc.o(.text)
    SX1276LoRaSetRxSingleOn                  0x0800416b   Thumb Code     6  sx1276-loramisc.o(.text)
    SX1276LoRaGetRxSingleOn                  0x08004171   Thumb Code     6  sx1276-loramisc.o(.text)
    SX1276LoRaSetFreqHopOn                   0x08004177   Thumb Code     6  sx1276-loramisc.o(.text)
    SX1276LoRaGetFreqHopOn                   0x0800417d   Thumb Code     6  sx1276-loramisc.o(.text)
    SX1276LoRaSetHopPeriod                   0x08004183   Thumb Code    32  sx1276-loramisc.o(.text)
    SX1276LoRaGetHopPeriod                   0x080041a3   Thumb Code    32  sx1276-loramisc.o(.text)
    SX1276LoRaSetTxPacketTimeout             0x080041c3   Thumb Code     6  sx1276-loramisc.o(.text)
    SX1276LoRaGetTxPacketTimeout             0x080041c9   Thumb Code     6  sx1276-loramisc.o(.text)
    SX1276LoRaSetRxPacketTimeout             0x080041cf   Thumb Code     6  sx1276-loramisc.o(.text)
    SX1276LoRaGetRxPacketTimeout             0x080041d5   Thumb Code     6  sx1276-loramisc.o(.text)
    SX1276LoRaSetPayloadLength               0x080041db   Thumb Code    32  sx1276-loramisc.o(.text)
    SX1276LoRaGetPayloadLength               0x080041fb   Thumb Code    32  sx1276-loramisc.o(.text)
    SX1276LoRaSetPa20dBm                     0x0800421b   Thumb Code    84  sx1276-loramisc.o(.text)
    SX1276LoRaGetPa20dBm                     0x0800426f   Thumb Code    38  sx1276-loramisc.o(.text)
    SX1276LoRaSetPAOutput                    0x08004295   Thumb Code    48  sx1276-loramisc.o(.text)
    SX1276LoRaGetPAOutput                    0x080042c5   Thumb Code    26  sx1276-loramisc.o(.text)
    SX1276LoRaSetPaRamp                      0x080042df   Thumb Code    52  sx1276-loramisc.o(.text)
    SX1276LoRaGetPaRamp                      0x08004313   Thumb Code    26  sx1276-loramisc.o(.text)
    SX1276LoRaSetSymbTimeout                 0x0800432d   Thumb Code    66  sx1276-loramisc.o(.text)
    SX1276LoRaGetSymbTimeout                 0x0800436f   Thumb Code    38  sx1276-loramisc.o(.text)
    SX1276LoRaSetLowDatarateOptimize         0x08004395   Thumb Code    56  sx1276-loramisc.o(.text)
    SX1276LoRaGetLowDatarateOptimize         0x080043cd   Thumb Code    28  sx1276-loramisc.o(.text)
    SX1276LoRaGetNbTrigPeaks                 0x080043e9   Thumb Code    28  sx1276-loramisc.o(.text)
    SpiInit                                  0x0800440d   Thumb Code   164  spi.o(.text)
    SpiInOut                                 0x080044b1   Thumb Code    36  spi.o(.text)
    BoardInit                                0x080044e1   Thumb Code    96  sx12xxeiger.o(.text)
    Delay                                    0x08004541   Thumb Code    18  sx12xxeiger.o(.text)
    LongDelay                                0x08004553   Thumb Code    26  sx12xxeiger.o(.text)
    Set_RF_Switch_RX                         0x0800457d   Thumb Code    20  sx1276-hal.o(.text)
    Set_RF_Switch_TX                         0x08004591   Thumb Code    20  sx1276-hal.o(.text)
    SX1276InitIo                             0x080045a5   Thumb Code   176  sx1276-hal.o(.text)
    SX1276SetReset                           0x08004655   Thumb Code    84  sx1276-hal.o(.text)
    SX1276WriteBuffer                        0x080046a9   Thumb Code    60  sx1276-hal.o(.text)
    SX1276Write                              0x080046e5   Thumb Code    16  sx1276-hal.o(.text)
    SX1276ReadBuffer                         0x080046f5   Thumb Code    62  sx1276-hal.o(.text)
    SX1276Read                               0x08004733   Thumb Code    18  sx1276-hal.o(.text)
    SX1276WriteFifo                          0x08004745   Thumb Code    18  sx1276-hal.o(.text)
    SX1276ReadFifo                           0x08004757   Thumb Code    18  sx1276-hal.o(.text)
    SX1276ReadDio0                           0x08004769   Thumb Code    12  sx1276-hal.o(.text)
    SX1276ReadDio1                           0x08004775   Thumb Code    12  sx1276-hal.o(.text)
    SX1276ReadDio2                           0x08004781   Thumb Code    12  sx1276-hal.o(.text)
    SX1276ReadDio3                           0x0800478d   Thumb Code    14  sx1276-hal.o(.text)
    SX1276ReadDio4                           0x0800479b   Thumb Code    14  sx1276-hal.o(.text)
    SX1276ReadDio5                           0x080047a9   Thumb Code    14  sx1276-hal.o(.text)
    SX1276WriteRxTx                          0x080047b7   Thumb Code    18  sx1276-hal.o(.text)
    __aeabi_memcpy                           0x080047d9   Thumb Code    36  memcpya.o(.text)
    __aeabi_memcpy4                          0x080047d9   Thumb Code     0  memcpya.o(.text)
    __aeabi_memcpy8                          0x080047d9   Thumb Code     0  memcpya.o(.text)
    __aeabi_memset                           0x080047fd   Thumb Code    14  memseta.o(.text)
    __aeabi_memset4                          0x080047fd   Thumb Code     0  memseta.o(.text)
    __aeabi_memset8                          0x080047fd   Thumb Code     0  memseta.o(.text)
    __aeabi_memclr                           0x0800480b   Thumb Code     4  memseta.o(.text)
    __aeabi_memclr4                          0x0800480b   Thumb Code     0  memseta.o(.text)
    __aeabi_memclr8                          0x0800480b   Thumb Code     0  memseta.o(.text)
    _memset$wrapper                          0x0800480f   Thumb Code    18  memseta.o(.text)
    __aeabi_dadd                             0x08004821   Thumb Code   322  dadd.o(.text)
    __aeabi_dsub                             0x08004963   Thumb Code     6  dadd.o(.text)
    __aeabi_drsub                            0x08004969   Thumb Code     6  dadd.o(.text)
    __aeabi_dmul                             0x0800496f   Thumb Code   228  dmul.o(.text)
    __aeabi_ddiv                             0x08004a53   Thumb Code   222  ddiv.o(.text)
    __aeabi_i2d                              0x08004b31   Thumb Code    34  dflti.o(.text)
    __aeabi_ui2d                             0x08004b53   Thumb Code    26  dfltui.o(.text)
    __aeabi_d2iz                             0x08004b6d   Thumb Code    62  dfixi.o(.text)
    __aeabi_d2uiz                            0x08004bab   Thumb Code    50  dfixui.o(.text)
    __aeabi_cdcmpeq                          0x08004bdd   Thumb Code     0  cdcmple.o(.text)
    __aeabi_cdcmple                          0x08004bdd   Thumb Code    48  cdcmple.o(.text)
    __aeabi_llsl                             0x08004c0d   Thumb Code    30  llshl.o(.text)
    _ll_shift_l                              0x08004c0d   Thumb Code     0  llshl.o(.text)
    __aeabi_llsr                             0x08004c2b   Thumb Code    32  llushr.o(.text)
    _ll_ushift_r                             0x08004c2b   Thumb Code     0  llushr.o(.text)
    __aeabi_lasr                             0x08004c4b   Thumb Code    36  llsshr.o(.text)
    _ll_sshift_r                             0x08004c4b   Thumb Code     0  llsshr.o(.text)
    __I$use$fp                               0x08004c6f   Thumb Code     0  iusefp.o(.text)
    _double_round                            0x08004c6f   Thumb Code    30  depilogue.o(.text)
    _double_epilogue                         0x08004c8d   Thumb Code   156  depilogue.o(.text)
    __ARM_scalbn                             0x08004d29   Thumb Code    46  dscalb.o(.text)
    scalbn                                   0x08004d29   Thumb Code     0  dscalb.o(.text)
    _drnd                                    0x08004d59   Thumb Code   132  drnd.o(.text)
    __aeabi_cdrcmple                         0x08004de1   Thumb Code    48  cdrcmple.o(.text)
    __scatterload                            0x08004e11   Thumb Code    28  init.o(.text)
    __scatterload_rt2                        0x08004e11   Thumb Code     0  init.o(.text)
    _dsqrt                                   0x08004e35   Thumb Code   162  dsqrt.o(.text)
    __0printf$2                              0x08004ed9   Thumb Code    22  printf2.o(i.__0printf$2)
    __1printf$2                              0x08004ed9   Thumb Code     0  printf2.o(i.__0printf$2)
    __2printf                                0x08004ed9   Thumb Code     0  printf2.o(i.__0printf$2)
    __ARM_fpclassify                         0x08004ef9   Thumb Code    40  fpclassify.o(i.__ARM_fpclassify)
    __kernel_poly                            0x08004f21   Thumb Code   170  poly.o(i.__kernel_poly)
    __mathlib_dbl_divzero                    0x08004fcd   Thumb Code    12  dunder.o(i.__mathlib_dbl_divzero)
    __mathlib_dbl_infnan2                    0x08004fdd   Thumb Code     4  dunder.o(i.__mathlib_dbl_infnan2)
    __mathlib_dbl_invalid                    0x08004fe1   Thumb Code    12  dunder.o(i.__mathlib_dbl_invalid)
    __mathlib_dbl_overflow                   0x08004fed   Thumb Code    14  dunder.o(i.__mathlib_dbl_overflow)
    __mathlib_dbl_underflow                  0x08004ffd   Thumb Code    10  dunder.o(i.__mathlib_dbl_underflow)
    __scatterload_copy                       0x0800500d   Thumb Code    14  handlers.o(i.__scatterload_copy)
    __scatterload_null                       0x0800501b   Thumb Code     2  handlers.o(i.__scatterload_null)
    __scatterload_zeroinit                   0x0800501d   Thumb Code    14  handlers.o(i.__scatterload_zeroinit)
    __set_errno                              0x0800502d   Thumb Code     6  errno.o(i.__set_errno)
    pow                                      0x08005111   Thumb Code  2512  pow.o(i.pow)
    round                                    0x08005ae9   Thumb Code   136  round.o(i.round)
    sqrt                                     0x08005b7d   Thumb Code    76  sqrt.o(i.sqrt)
    SignalBwLog                              0x08005bc8   Data          80  sx1276-lora.o(.constdata)
    RssiOffsetLF                             0x08005c18   Data          80  sx1276-lora.o(.constdata)
    RssiOffsetHF                             0x08005c68   Data          80  sx1276-lora.o(.constdata)
    HoppingFrequencies                       0x08005cb8   Data         204  sx1276-lora.o(.constdata)
    __mathlib_zero                           0x08005e10   Data           8  qnan.o(.constdata)
    Region$$Table$$Base                      0x08005e18   Number         0  anon$$obj.o(Region$$Table)
    Region$$Table$$Limit                     0x08005e38   Number         0  anon$$obj.o(Region$$Table)
    SystemCoreClock                          0x20000000   Data           4  system_stm32f10x.o(.data)
    AHBPrescTable                            0x20000004   Data          16  system_stm32f10x.o(.data)
    Radio                                    0x2000002c   Data           4  main.o(.data)
    len                                      0x20000030   Data           2  main.o(.data)
    USART_RX_STA                             0x20000032   Data           2  stm32f10x_it.o(.data)
    FskSettings                              0x20000038   Data          28  sx1276-fsk.o(.data)
    SX1276                                   0x20000054   Data           4  sx1276-fsk.o(.data)
    LoRaSettings                             0x20000098   Data          28  sx1276-lora.o(.data)
    SX1276LR                                 0x200000b4   Data           4  sx1276-lora.o(.data)
    TickCounter                              0x200000d8   Data           4  sx12xxeiger.o(.data)
    __stdout                                 0x200000dc   Data           4  stdout.o(.data)
    USART_RX_BUF                             0x20000134   Data         200  stm32f10x_it.o(.bss)
    RadioDriver                              0x200001fc   Data          24  radio.o(.bss)
    SX1276Regs                               0x20000214   Data         112  sx1276.o(.bss)
    __initial_sp                             0x20000888   Data           0  startup_stm32f10x_hd.o(STACK)



==============================================================================

Memory Map of the image

  Image Entry point : 0x08000131

  Load Region LR_IROM1 (Base: 0x08000000, Size: 0x00005f1c, Max: 0x00080000, ABSOLUTE)

    Execution Region ER_IROM1 (Exec base: 0x08000000, Load base: 0x08000000, Size: 0x00005e38, Max: 0x00080000, ABSOLUTE)

    Exec Addr    Load Addr    Size         Type   Attr      Idx    E Section Name        Object

    0x08000000   0x08000000   0x00000130   Data   RO            3    RESET               startup_stm32f10x_hd.o
    0x08000130   0x08000130   0x00000000   Code   RO          830  * .ARM.Collect$$$$00000000  mc_w.l(entry.o)
    0x08000130   0x08000130   0x00000004   Code   RO         1143    .ARM.Collect$$$$00000001  mc_w.l(entry2.o)
    0x08000134   0x08000134   0x00000004   Code   RO         1146    .ARM.Collect$$$$00000004  mc_w.l(entry5.o)
    0x08000138   0x08000138   0x00000000   Code   RO         1148    .ARM.Collect$$$$00000008  mc_w.l(entry7b.o)
    0x08000138   0x08000138   0x00000000   Code   RO         1150    .ARM.Collect$$$$0000000A  mc_w.l(entry8b.o)
    0x08000138   0x08000138   0x00000008   Code   RO         1151    .ARM.Collect$$$$0000000B  mc_w.l(entry9a.o)
    0x08000140   0x08000140   0x00000000   Code   RO         1153    .ARM.Collect$$$$0000000D  mc_w.l(entry10a.o)
    0x08000140   0x08000140   0x00000000   Code   RO         1155    .ARM.Collect$$$$0000000F  mc_w.l(entry11a.o)
    0x08000140   0x08000140   0x00000004   Code   RO         1144    .ARM.Collect$$$$00002712  mc_w.l(entry2.o)
    0x08000144   0x08000144   0x00000024   Code   RO            4    .text               startup_stm32f10x_hd.o
    0x08000168   0x08000168   0x000001e0   Code   RO           24    .text               system_stm32f10x.o
    0x08000348   0x08000348   0x000000dc   Code   RO           76    .text               misc.o
    0x08000424   0x08000424   0x000005bc   Code   RO          227    .text               stm32f10x_flash.o
    0x080009e0   0x080009e0   0x0000035c   Code   RO          254    .text               stm32f10x_gpio.o
    0x08000d3c   0x08000d3c   0x000003a4   Code   RO          311    .text               stm32f10x_rcc.o
    0x080010e0   0x080010e0   0x0000030c   Code   RO          352    .text               stm32f10x_spi.o
    0x080013ec   0x080013ec   0x00000408   Code   RO          376    .text               stm32f10x_usart.o
    0x080017f4   0x080017f4   0x000000ec   Code   RO          403    .text               main.o
    0x080018e0   0x080018e0   0x000000dc   Code   RO          490    .text               stm32f10x_it.o
    0x080019bc   0x080019bc   0x00000114   Code   RO          513    .text               sys_config.o
    0x08001ad0   0x08001ad0   0x0000024c   Code   RO          547    .text               bsp_usart.o
    0x08001d1c   0x08001d1c   0x0000003c   Code   RO          559    .text               radio.o
    0x08001d58   0x08001d58   0x0000028c   Code   RO          631    .text               sx1276.o
    0x08001fe4   0x08001fe4   0x000009b4   Code   RO          664    .text               sx1276-fsk.o
    0x08002998   0x08002998   0x00000a18   Code   RO          690    .text               sx1276-fskmisc.o
    0x080033b0   0x080033b0   0x0000093c   Code   RO          703    .text               sx1276-lora.o
    0x08003cec   0x08003cec   0x00000720   Code   RO          726    .text               sx1276-loramisc.o
    0x0800440c   0x0800440c   0x000000d4   Code   RO          754    .text               spi.o
    0x080044e0   0x080044e0   0x0000009c   Code   RO          769    .text               sx12xxeiger.o
    0x0800457c   0x0800457c   0x0000025c   Code   RO          803    .text               sx1276-hal.o
    0x080047d8   0x080047d8   0x00000024   Code   RO          833    .text               mc_w.l(memcpya.o)
    0x080047fc   0x080047fc   0x00000024   Code   RO          835    .text               mc_w.l(memseta.o)
    0x08004820   0x08004820   0x0000014e   Code   RO         1100    .text               mf_w.l(dadd.o)
    0x0800496e   0x0800496e   0x000000e4   Code   RO         1102    .text               mf_w.l(dmul.o)
    0x08004a52   0x08004a52   0x000000de   Code   RO         1104    .text               mf_w.l(ddiv.o)
    0x08004b30   0x08004b30   0x00000022   Code   RO         1106    .text               mf_w.l(dflti.o)
    0x08004b52   0x08004b52   0x0000001a   Code   RO         1108    .text               mf_w.l(dfltui.o)
    0x08004b6c   0x08004b6c   0x0000003e   Code   RO         1110    .text               mf_w.l(dfixi.o)
    0x08004baa   0x08004baa   0x00000032   Code   RO         1112    .text               mf_w.l(dfixui.o)
    0x08004bdc   0x08004bdc   0x00000030   Code   RO         1114    .text               mf_w.l(cdcmple.o)
    0x08004c0c   0x08004c0c   0x0000001e   Code   RO         1162    .text               mc_w.l(llshl.o)
    0x08004c2a   0x08004c2a   0x00000020   Code   RO         1164    .text               mc_w.l(llushr.o)
    0x08004c4a   0x08004c4a   0x00000024   Code   RO         1166    .text               mc_w.l(llsshr.o)
    0x08004c6e   0x08004c6e   0x00000000   Code   RO         1175    .text               mc_w.l(iusefp.o)
    0x08004c6e   0x08004c6e   0x000000ba   Code   RO         1176    .text               mf_w.l(depilogue.o)
    0x08004d28   0x08004d28   0x0000002e   Code   RO         1178    .text               mf_w.l(dscalb.o)
    0x08004d56   0x08004d56   0x00000002   PAD
    0x08004d58   0x08004d58   0x00000088   Code   RO         1180    .text               mf_w.l(drnd.o)
    0x08004de0   0x08004de0   0x00000030   Code   RO         1184    .text               mf_w.l(cdrcmple.o)
    0x08004e10   0x08004e10   0x00000024   Code   RO         1186    .text               mc_w.l(init.o)
    0x08004e34   0x08004e34   0x000000a2   Code   RO         1188    .text               mf_w.l(dsqrt.o)
    0x08004ed6   0x08004ed6   0x00000002   PAD
    0x08004ed8   0x08004ed8   0x00000020   Code   RO          906    i.__0printf$2       mc_w.l(printf2.o)
    0x08004ef8   0x08004ef8   0x00000028   Code   RO         1130    i.__ARM_fpclassify  m_ws.l(fpclassify.o)
    0x08004f20   0x08004f20   0x000000aa   Code   RO         1132    i.__kernel_poly     m_ws.l(poly.o)
    0x08004fca   0x08004fca   0x00000002   PAD
    0x08004fcc   0x08004fcc   0x00000010   Code   RO         1116    i.__mathlib_dbl_divzero  m_ws.l(dunder.o)
    0x08004fdc   0x08004fdc   0x00000004   Code   RO         1118    i.__mathlib_dbl_infnan2  m_ws.l(dunder.o)
    0x08004fe0   0x08004fe0   0x0000000c   Code   RO         1119    i.__mathlib_dbl_invalid  m_ws.l(dunder.o)
    0x08004fec   0x08004fec   0x0000000e   Code   RO         1120    i.__mathlib_dbl_overflow  m_ws.l(dunder.o)
    0x08004ffa   0x08004ffa   0x00000002   PAD
    0x08004ffc   0x08004ffc   0x00000010   Code   RO         1122    i.__mathlib_dbl_underflow  m_ws.l(dunder.o)
    0x0800500c   0x0800500c   0x0000000e   Code   RO         1192    i.__scatterload_copy  mc_w.l(handlers.o)
    0x0800501a   0x0800501a   0x00000002   Code   RO         1193    i.__scatterload_null  mc_w.l(handlers.o)
    0x0800501c   0x0800501c   0x0000000e   Code   RO         1194    i.__scatterload_zeroinit  mc_w.l(handlers.o)
    0x0800502a   0x0800502a   0x00000002   PAD
    0x0800502c   0x0800502c   0x0000000c   Code   RO         1170    i.__set_errno       mc_w.l(errno.o)
    0x08005038   0x08005038   0x000000d6   Code   RO          913    i._printf_core      mc_w.l(printf2.o)
    0x0800510e   0x0800510e   0x00000002   PAD
    0x08005110   0x08005110   0x000009d8   Code   RO          819    i.pow               m_ws.l(pow.o)
    0x08005ae8   0x08005ae8   0x00000094   Code   RO          828    i.round             m_ws.l(round.o)
    0x08005b7c   0x08005b7c   0x0000004c   Code   RO         1136    i.sqrt              m_ws.l(sqrt.o)
    0x08005bc8   0x08005bc8   0x000001bc   Data   RO          705    .constdata          sx1276-lora.o
    0x08005d84   0x08005d84   0x00000004   PAD
    0x08005d88   0x08005d88   0x00000088   Data   RO          820    .constdata          m_ws.l(pow.o)
    0x08005e10   0x08005e10   0x00000008   Data   RO         1134    .constdata          m_ws.l(qnan.o)
    0x08005e18   0x08005e18   0x00000020   Data   RO         1190    Region$$Table       anon$$obj.o


    Execution Region RW_IRAM1 (Exec base: 0x20000000, Load base: 0x08005e38, Size: 0x00000888, Max: 0x00010000, ABSOLUTE)

    Exec Addr    Load Addr    Size         Type   Attr      Idx    E Section Name        Object

    0x20000000   0x08005e38   0x00000014   Data   RW           25    .data               system_stm32f10x.o
    0x20000014   0x08005e4c   0x00000014   Data   RW          312    .data               stm32f10x_rcc.o
    0x20000028   0x08005e60   0x0000000a   Data   RW          405    .data               main.o
    0x20000032   0x08005e6a   0x00000002   Data   RW          492    .data               stm32f10x_it.o
    0x20000034   0x08005e6c   0x00000002   Data   RW          633    .data               sx1276.o
    0x20000036   0x08005e6e   0x00000002   PAD
    0x20000038   0x08005e70   0x0000005a   Data   RW          666    .data               sx1276-fsk.o
    0x20000092   0x08005eca   0x00000006   PAD
    0x20000098   0x08005ed0   0x00000040   Data   RW          706    .data               sx1276-lora.o
    0x200000d8   0x08005f10   0x00000004   Data   RW          770    .data               sx12xxeiger.o
    0x200000dc   0x08005f14   0x00000004   Data   RW         1157    .data               mc_w.l(stdout.o)
    0x200000e0   0x08005f18   0x00000004   Data   RW         1171    .data               mc_w.l(errno.o)
    0x200000e4        -       0x00000050   Zero   RW          404    .bss                main.o
    0x20000134        -       0x000000c8   Zero   RW          491    .bss                stm32f10x_it.o
    0x200001fc        -       0x00000018   Zero   RW          560    .bss                radio.o
    0x20000214        -       0x00000070   Zero   RW          632    .bss                sx1276.o
    0x20000284        -       0x00000100   Zero   RW          665    .bss                sx1276-fsk.o
    0x20000384        -       0x00000100   Zero   RW          704    .bss                sx1276-lora.o
    0x20000484   0x08005f1c   0x00000004   PAD
    0x20000488        -       0x00000400   Zero   RW            1    STACK               startup_stm32f10x_hd.o


==============================================================================

Image component sizes


      Code (inc. data)   RO Data    RW Data    ZI Data      Debug   Object Name

       588         70          0          0          0       3068   bsp_usart.o
         0          0          0          0          0       4508   core_cm3.o
       236         38          0         10         80     231456   main.o
       220         22          0          0          0       1973   misc.o
        60         30          0          0         24       1804   radio.o
       212         12          0          0          0       1079   spi.o
        36          8        304          0       1024        940   startup_stm32f10x_hd.o
      1468         34          0          0          0       8378   stm32f10x_flash.o
       860         38          0          0          0       5905   stm32f10x_gpio.o
       220         26          0          2        200       3306   stm32f10x_it.o
       932         36          0         20          0       9168   stm32f10x_rcc.o
       780         14          0          0          0       6790   stm32f10x_spi.o
      1032         22          0          0          0       8632   stm32f10x_usart.o
      2484        182          0         90        256      34569   sx1276-fsk.o
      2584         48          0          0          0       8167   sx1276-fskmisc.o
       604         16          0          0          0       5379   sx1276-hal.o
      2364        170        444         64        256      20955   sx1276-lora.o
      1824         20          0          0          0       8144   sx1276-loramisc.o
       652         42          0          2        112      33073   sx1276.o
       156         16          0          4          0      17845   sx12xxeiger.o
       276          8          0          0          0       2336   sys_config.o
       480         38          0         20          0     243999   system_stm32f10x.o

    ----------------------------------------------------------------------
     18068        890        784        220       1956     661474   Object Totals
         0          0         32          0          0          0   (incl. Generated)
         0          0          4          8          4          0   (incl. Padding)

    ----------------------------------------------------------------------

      Code (inc. data)   RO Data    RW Data    ZI Data      Debug   Library Member Name

        62         10          0          0          0        340   dunder.o
        40          0          0          0          0         68   fpclassify.o
       170          0          0          0          0         96   poly.o
      2520        190        136          0          0        324   pow.o
         0          0          8          0          0          0   qnan.o
       148         12          0          0          0         88   round.o
        76          0          0          0          0         84   sqrt.o
         0          0          0          0          0          0   entry.o
         0          0          0          0          0          0   entry10a.o
         0          0          0          0          0          0   entry11a.o
         8          4          0          0          0          0   entry2.o
         4          0          0          0          0          0   entry5.o
         0          0          0          0          0          0   entry7b.o
         0          0          0          0          0          0   entry8b.o
         8          4          0          0          0          0   entry9a.o
        12          6          0          4          0         68   errno.o
        30          0          0          0          0          0   handlers.o
        36          8          0          0          0         68   init.o
         0          0          0          0          0          0   iusefp.o
        30          0          0          0          0         68   llshl.o
        36          0          0          0          0         68   llsshr.o
        32          0          0          0          0         68   llushr.o
        36          0          0          0          0         68   memcpya.o
        36          0          0          0          0        108   memseta.o
       246         10          0          0          0        176   printf2.o
         0          0          0          4          0          0   stdout.o
        48          0          0          0          0         68   cdcmple.o
        48          0          0          0          0         68   cdrcmple.o
       334          0          0          0          0        148   dadd.o
       222          0          0          0          0        100   ddiv.o
       186          0          0          0          0        176   depilogue.o
        62          0          0          0          0         80   dfixi.o
        50          0          0          0          0         76   dfixui.o
        34          0          0          0          0         76   dflti.o
        26          0          0          0          0         76   dfltui.o
       228          0          0          0          0         96   dmul.o
       136          4          0          0          0         92   drnd.o
        46          0          0          0          0         80   dscalb.o
       162          0          0          0          0        100   dsqrt.o

    ----------------------------------------------------------------------
      5124        248        144          8          0       2928   Library Totals
        12          0          0          0          0          0   (incl. Padding)

    ----------------------------------------------------------------------

      Code (inc. data)   RO Data    RW Data    ZI Data      Debug   Library Name

      3016        212        144          0          0       1000   m_ws.l
       514         32          0          8          0        692   mc_w.l
      1582          4          0          0          0       1236   mf_w.l

    ----------------------------------------------------------------------
      5124        248        144          8          0       2928   Library Totals

    ----------------------------------------------------------------------

==============================================================================


      Code (inc. data)   RO Data    RW Data    ZI Data      Debug   

     23192       1138        928        228       1956     660862   Grand Totals
     23192       1138        928        228       1956     660862   ELF Image Totals
     23192       1138        928        228          0          0   ROM Totals

==============================================================================

    Total RO  Size (Code + RO Data)                24120 (  23.55kB)
    Total RW  Size (RW Data + ZI Data)              2184 (   2.13kB)
    Total ROM Size (Code + RO Data + RW Data)      24348 (  23.78kB)

==============================================================================

